 glAss

 Timestamp is 3b731b7b (Thu Aug 09 16:23:39 2001)

 Preferred load address is 00400000

 Start         Length     Name                   Class
 0001:00000000 0002371eH .text                   CODE
 0002:00000000 00000180H .idata$5                DATA
 0002:00000180 000004a4H .rdata                  DATA
 0002:00000624 00000078H .idata$2                DATA
 0002:0000069c 00000014H .idata$3                DATA
 0002:000006b0 00000180H .idata$4                DATA
 0002:00000830 000005d8H .idata$6                DATA
 0002:00000e08 00000000H .edata                  DATA
 0003:00000000 000002f4H .data                   DATA
 0003:00000300 000077bcH .bss                    DATA
 0004:00000000 000000e8H .rsrc$01                DATA
 0004:000000f0 00000a80H .rsrc$02                DATA

  Address         Publics by Value              Rva+Base     Lib:Object

 0001:00000000       _gif_clouds                00401000     gif_clouds.obj
 0001:00000450       _gif_flare                 00401450     gif_flare.obj
 0001:00000670       _gif_font                  00401670     gif_font.obj
 0001:00000d70       _gif_green                 00401d70     gif_green.obj
 0001:00001040       _gif_grid                  00402040     gif_grid.obj
 0001:00001370       _gif_names                 00402370     gif_names.obj
 0001:00001420       _gif_psikorp2              00402420     gif_psikorp2.obj
 0001:000018f0       _gif_psikorp3              004028f0     gif_psikorp3.obj
 0001:00001d80       _gif_psikorp4              00402d80     gif_psikorp4.obj
 0001:000024d0       _gif_rost                  004034d0     gif_rost.obj
 0001:000026d0       _gif_silu                  004036d0     gif_silu.obj
 0001:00002c20       _gif_title                 00403c20     gif_title.obj
 0001:000030f0       _gif_twister2              004040f0     gif_twister2.obj
 0001:000034d0       _intromusic                004044d0     intromusic.obj
 0001:000195a0       ?pas_drawbackground@@YAXMMMM@Z 0041a5a0 f   p_aftershit.obj
 0001:000198b0       ?pas_renderfade@@YAXM@Z    0041a8b0 f   p_aftershit.obj
 0001:000199d0       ?pas_drawtitle@@YAXM@Z     0041a9d0 f   p_aftershit.obj
 0001:00019b20       ?pas_drawcreds@@YAXM@Z     0041ab20 f   p_aftershit.obj
 0001:00019cf0       ?p_aftershit_run@@YAXPAUEVENT@@@Z 0041acf0 f   p_aftershit.obj
 0001:00019e50       ?p_cubes_init@@YAXXZ       0041ae50 f   p_cubes.obj
 0001:0001a160       ?p_cubes_render_world@@YAXM@Z 0041b160 f   p_cubes.obj
 0001:0001a250       ?p_cubes_render_flow@@YAXMMMMMMM@Z 0041b250 f   p_cubes.obj
 0001:0001a630       ?p_cubes_run@@YAXPAUEVENT@@@Z 0041b630 f   p_cubes.obj
 0001:0001aa50       ?p_greetings_init@@YAXXZ   0041ba50 f   p_greetings.obj
 0001:0001ac30       ?p_greetings_run@@YAXPAUEVENT@@@Z 0041bc30 f   p_greetings.obj
 0001:0001ae10       ?p_klask_init@@YAXXZ       0041be10 f   p_klask.obj
 0001:0001b100       ?p_klask_run@@YAXPAUEVENT@@@Z 0041c100 f   p_klask.obj
 0001:0001b410       ?plobox@@YAXMMH@Z          0041c410 f   p_loading.obj
 0001:0001b4e0       ?p_loading_draw@@YAXHH@Z   0041c4e0 f   p_loading.obj
 0001:0001b6a0       ?p_whiteflash_run@@YAXPAUEVENT@@@Z 0041c6a0 f   p_misc.obj
 0001:0001b740       ?p_fadeblack_run@@YAXPAUEVENT@@@Z 0041c740 f   p_misc.obj
 0001:0001b800       ?p_static_run@@YAXPAUEVENT@@@Z 0041c800 f   p_misc.obj
 0001:0001b8d0       ?p_fulintro_run@@YAXPAUEVENT@@@Z 0041c8d0 f   p_misc.obj
 0001:0001b990       ?p_hanzon_run@@YAXPAUEVENT@@@Z 0041c990 f   p_misc.obj
 0001:0001ba50       ?p_name_run@@YAXPAUEVENT@@@Z 0041ca50 f   p_name.obj
 0001:0001bc20       ?p_title_run@@YAXPAUEVENT@@@Z 0041cc20 f   p_name.obj
 0001:0001bde0       ?pp_glMappa@@YAXMM@Z       0041cde0 f   p_psyk.obj
 0001:0001be30       ?pp_generateScene@@YAXM@Z  0041ce30 f   p_psyk.obj
 0001:0001c0e0       ?p_psyk_run@@YAXPAUEVENT@@@Z 0041d0e0 f   p_psyk.obj
 0001:0001c3f0       ?p_sphere_function@@YA?AUVECTOR@@MMM@Z 0041d3f0 f   p_sphere.obj
 0001:0001c4e0       ?p_sphere_render@@YAXM@Z   0041d4e0 f   p_sphere.obj
 0001:0001c6f0       ?p_sphere_run@@YAXPAUEVENT@@@Z 0041d6f0 f   p_sphere.obj
 0001:0001c7d0       ?p_tunnel_function@@YA?AUVECTOR@@MM@Z 0041d7d0 f   p_tunnel.obj
 0001:0001c890       ?p_tunnel_render@@YAXMM@Z  0041d890 f   p_tunnel.obj
 0001:0001cbc0       ?p_tunnel_run@@YAXPAUEVENT@@@Z 0041dbc0 f   p_tunnel.obj
 0001:0001cd40       ?p_twist3d_render_section@@YAXMMMMMMMMM@Z 0041dd40 f   p_twist3d.obj
 0001:0001d080       ?p_twist3d_render@@YAXMM@Z 0041e080 f   p_twist3d.obj
 0001:0001d1b0       ?p_twist3d_run@@YAXPAUEVENT@@@Z 0041e1b0 f   p_twist3d.obj
 0001:0001d560       ?pt3d_funktionen_f@@YAMMM@Z 0041e560 f   p_twist3d.obj
 0001:0001d560       ?pt_funktionen_f@@YAMMM@Z  0041e560 f   p_twister.obj
 0001:0001d5b0       ?ptffff@@YAMM@Z            0041e5b0 f   p_twister.obj
 0001:0001d610       ?pt_draw@@YAXM@Z           0041e610 f   p_twister.obj
 0001:0001db30       ?p_twister_run@@YAXPAUEVENT@@@Z 0041eb30 f   p_twister.obj
 0001:0001dbd0       ?pw_draw_tile@@YAXMMMMM@Z  0041ebd0 f   p_wirelandscape.obj
 0001:0001dca0       ?pw_draw_obj@@YAXMMMM@Z    0041eca0 f   p_wirelandscape.obj
 0001:0001e180       ?pw_draw_world@@YAXMM@Z    0041f180 f   p_wirelandscape.obj
 0001:0001e850       ?p_wirelandscape_run@@YAXPAUEVENT@@@Z 0041f850 f   p_wirelandscape.obj
 0001:0001e9a0       ?event_run@@YAXMM@Z        0041f9a0 f   events.obj
 0001:0001ea80       ?event_register@@YAXMMP6AXPAUEVENT@@@ZJ@Z 0041fa80 f   events.obj
 0001:0001ead0       ?event_init@@YAXXZ         0041fad0 f   events.obj
 0001:0001eaf0       ?event_free@@YAXXZ         0041faf0 f   events.obj
 0001:0001eb20       ?glaExit@@YAHXZ            0041fb20 f   gla_stuff.obj
 0001:0001eb30       ?setupGL@@YAPAUHGLRC__@@H@Z 0041fb30 f   gla_stuff.obj
 0001:0001eba0       ?MainWndProc@@YGJPAUHWND__@@IIJ@Z 0041fba0 f   gla_stuff.obj
 0001:0001ec40       ?glaStartup@@YAXHIII@Z     0041fc40 f   gla_stuff.obj
 0001:0001ee50       ?glaShutdown@@YAXXZ        0041fe50 f   gla_stuff.obj
 0001:0001ee80       ?glaCls@@YAXM@Z            0041fe80 f   gla_stuff.obj
 0001:0001ef70       ?glaBlit@@YAXXZ            0041ff70 f   gla_stuff.obj
 0001:0001efe0       ?pow2@@YAHH@Z              0041ffe0 f   gla_stuff2.obj
 0001:0001f010       ?init_exp@@YAFF@Z          00420010 f   gla_stuff2.obj
 0001:0001f070       ?get_next_code@@YAFXZ      00420070 f   gla_stuff2.obj
 0001:0001f220       ?decode@@YAFPAEFF@Z        00420220 f   gla_stuff2.obj
 0001:0001f460       ?glaUploadTexture@@YAXHPAJHH@Z 00420460 f   gla_stuff2.obj
 0001:0001f530       ?glaSetTexture@@YAXH@Z     00420530 f   gla_stuff2.obj
 0001:0001f560       ?glaUploadGif@@YAXHPAEJ@Z  00420560 f   gla_stuff2.obj
 0001:0001f7f0       ?glaQuad@@YAXMMMMMMMMM@Z   004207f0 f   gla_stuff2.obj
 0001:0001f8a0       ?glaRotate2d@@YAXPAM0MMM@Z 004208a0 f   gla_stuff2.obj
 0001:0001f8e0       ?glaQuadR@@YAXMMMMMMMMMM@Z 004208e0 f   gla_stuff2.obj
 0001:0001fa20       ?glaDefaultProjection@@YAXXZ 00420a20 f   gla_stuff2.obj
 0001:0001fab0       ?misc_strlen@@YAJPAD@Z     00420ab0 f   gla_stuff2.obj
 0001:0001fad0       ?glaDrawChar@@YAXMMMMMD@Z  00420ad0 f   gla_stuff2.obj
 0001:0001fb90       ?glaDrawString@@YAXMMMMMMPAD@Z 00420b90 f   gla_stuff2.obj
 0001:0001fc10       ?glaReset@@YAXXZ           00420c10 f   gla_stuff2.obj
 0001:0001fc20       ?glaTime@@YAMXZ            00420c20 f   gla_stuff2.obj
 0001:0001fc50       ?memopen@@YAIPAD@Z         00420c50 f   startup.obj
 0001:0001fc70       ?memclose@@YAXI@Z          00420c70 f   startup.obj
 0001:0001fc80       ?memread@@YAHPAXHI@Z       00420c80 f   startup.obj
 0001:0001fcb0       ?memseek@@YAXIHC@Z         00420cb0 f   startup.obj
 0001:0001fce0       ?memtell@@YAHI@Z           00420ce0 f   startup.obj
 0001:0001fcf0       ?StartupDialog@@YGHPAUHWND__@@IIJ@Z 00420cf0 f   startup.obj
 0001:0001fec0       ?upload_images@@YAXXZ      00420ec0 f   startup.obj
 0001:0001ff70       ?Error@@YAXPAD@Z           00420f70 f   startup.obj
 0001:0001ffc0       _WinMain@16                00420fc0 f   startup.obj
 0001:000205d0       _ExitProcess@4             004215d0 f   kernel32:KERNEL32.dll
 0001:000205d6       _FSOUND_Init               004215d6 f   minifmod:Fsound.obj
 0001:000207d4       _FSOUND_Close              004217d4 f   minifmod:Fsound.obj
 0001:0002082c       _FSOUND_Sample_Free        0042182c f   minifmod:Fsound.obj
 0001:00020854       _FSOUND_PlaySound          00421854 f   minifmod:Fsound.obj
 0001:000208a9       _FSOUND_StopSound          004218a9 f   minifmod:Fsound.obj
 0001:000208c7       _FMUSIC_SetBPM             004218c7 f   minifmod:Fmusic.obj
 0001:000208fc       _FMUSIC_SpawnNewVirtualChannel 004218fc f   minifmod:Fmusic.obj
 0001:0002095e       _FMUSIC_Load               0042195e f   minifmod:Fmusic.obj
 0001:000209c5       _FMUSIC_LoadSong           004219c5 f   minifmod:Fmusic.obj
 0001:000209d8       _FMUSIC_FreeSong           004219d8 f   minifmod:Fmusic.obj
 0001:00020a9e       _FMUSIC_PlaySong           00421a9e f   minifmod:Fmusic.obj
 0001:00020b76       _FMUSIC_StopSong           00421b76 f   minifmod:Fmusic.obj
 0001:00020c11       _FSOUND_File_SetCallbacks  00421c11 f   minifmod:system_file.obj
 0001:00020c7e       _FSOUND_File_Open          00421c7e f   minifmod:system_file.obj
 0001:00020cba       _FSOUND_File_Close         00421cba f   minifmod:system_file.obj
 0001:00020cd6       _FSOUND_File_Read          00421cd6 f   minifmod:system_file.obj
 0001:00020cf4       _FSOUND_File_Seek          00421cf4 f   minifmod:system_file.obj
 0001:00020d11       _FSOUND_File_Tell          00421d11 f   minifmod:system_file.obj
 0001:00020d25       _FSOUND_Software_DoubleBufferThread 00421d25 f   minifmod:sound_software.obj
 0001:00020f23       _FSOUND_Software_Initialize 00421f23 f   minifmod:sound_software.obj
 0001:00020fee       _FSOUND_Software_Close     00421fee f   minifmod:sound_software.obj
 0001:00021047       _FSOUND_Software_SetFrequency 00422047 f   minifmod:sound_software.obj
 0001:00021093       _FSOUND_Software_SetVolume 00422093 f   minifmod:sound_software.obj
 0001:000210d4       _FSOUND_Software_SetPan    004220d4 f   minifmod:sound_software.obj
 0001:0002110e       _LinkedListAddNodeAfter    0042210e f   minifmod:linkedlist.obj
 0001:00021128       _LinkedListAddNodeBefore   00422128 f   minifmod:linkedlist.obj
 0001:00021141       _LinkedListRemoveNode      00422141 f   minifmod:linkedlist.obj
 0001:0002115a       _FMUSIC_XM_Portamento      0042215a f   minifmod:music_formatxm.obj
 0001:0002119d       _FMUSIC_XM_Vibrato         0042219d f   minifmod:music_formatxm.obj
 0001:00021222       _FMUSIC_XM_ProcessEnvelope 00422222 f   minifmod:music_formatxm.obj
 0001:0002131b       _FMUSIC_XM_InstrumentVibrato 0042231b f   minifmod:music_formatxm.obj
 0001:000213d0       _FMUSIC_XM_ProcessVolumeByte 004223d0 f   minifmod:music_formatxm.obj
 0001:0002149c       _FMUSIC_XM_GetAmigaPeriod  0042249c f   minifmod:music_formatxm.obj
 0001:0002157b       _FMUSIC_XM_UpdateFlags     0042257b f   minifmod:music_formatxm.obj
 0001:000216e1       _FMUSIC_XM_ResetVcptr      004226e1 f   minifmod:music_formatxm.obj
 0001:0002174a       _FMUSIC_UpdateXMNote       0042274a f   minifmod:music_formatxm.obj
 0001:00021fcc       _FMUSIC_UpdateXMEffects    00422fcc f   minifmod:music_formatxm.obj
 0001:0002270e       _FMUSIC_UpdateXM           0042370e f   minifmod:music_formatxm.obj
 0001:000227ce       _FMUSIC_LoadXM             004237ce f   minifmod:music_formatxm.obj
 0001:00022e68       _FSOUND_Mixer_FPU_Ramp     00423e68 f   minifmod:mixer_fpu_ramp.obj
 0001:000234b2       _FSOUND_MixerClipCopy_Float32 004244b2 f   minifmod:mixer_clipcopy.obj
 0001:00023638       __fltused                  00424638     nanolibc:startup_code.obj
 0001:00023639       _mainCRTStartup            00424639     nanolibc:startup_code.obj
 0001:00023639       _WinMainCRTStartup         00424639     nanolibc:startup_code.obj
 0001:0002364d       __ftol                     0042464d f   nanolibc:c_functions.obj
 0001:0002365c       __CIfmod                   0042465c     nanolibc:math_stuff.obj
 0001:00023663       _calloc                    00424663 f   nanolibc:c_memory.obj
 0001:0002368b       _free                      0042468b f   nanolibc:c_memory.obj
 0001:00023696       _memset                    00424696 f   nanolibc:c_memory.obj
 0001:000236ab       _abs                       004246ab f   nanolibc:c_math.obj
 0001:000236b6       _pow                       004246b6 f   nanolibc:c_math.obj
 0001:000236db       _sin                       004246db f   nanolibc:c_math.obj
 0001:000236ed       _srand                     004246ed f   nanolibc:c_math.obj
 0001:000236f7       _rand                      004246f7 f   nanolibc:c_math.obj
 0001:00023712       _gluLookAt@72              00424712 f   glu32:GLU32.dll
 0001:00023718       _gluPerspective@32         00424718 f   glu32:GLU32.dll
 0002:00000000       __imp__SetPixelFormat@12   00425000     gdi32:GDI32.dll
 0002:00000004       __imp__SwapBuffers@4       00425004     gdi32:GDI32.dll
 0002:00000008       __imp__ChoosePixelFormat@8 00425008     gdi32:GDI32.dll
 0002:0000000c       \177GDI32_NULL_THUNK_DATA  0042500c     gdi32:GDI32.dll
 0002:00000010       __imp__gluLookAt@72        00425010     glu32:GLU32.dll
 0002:00000014       __imp__gluPerspective@32   00425014     glu32:GLU32.dll
 0002:00000018       \177GLU32_NULL_THUNK_DATA  00425018     glu32:GLU32.dll
 0002:0000001c       __imp__GetModuleHandleA@4  0042501c     kernel32:KERNEL32.dll
 0002:00000020       __imp__ExitProcess@4       00425020     kernel32:KERNEL32.dll
 0002:00000024       __imp__Sleep@4             00425024     kernel32:KERNEL32.dll
 0002:00000028       __imp__GetLastError@0      00425028     kernel32:KERNEL32.dll
 0002:0000002c       __imp__CreateThread@24     0042502c     kernel32:KERNEL32.dll
 0002:00000030       __imp__GetTickCount@0      00425030     kernel32:KERNEL32.dll
 0002:00000034       __imp__GlobalFree@4        00425034     kernel32:KERNEL32.dll
 0002:00000038       __imp__SetThreadPriority@8 00425038     kernel32:KERNEL32.dll
 0002:0000003c       __imp__GlobalAlloc@8       0042503c     kernel32:KERNEL32.dll
 0002:00000040       \177KERNEL32_NULL_THUNK_DATA 00425040     kernel32:KERNEL32.dll
 0002:00000044       __imp__glPushMatrix@0      00425044     opengl32:OPENGL32.dll
 0002:00000048       __imp__glDepthFunc@4       00425048     opengl32:OPENGL32.dll
 0002:0000004c       __imp__glPixelStorei@8     0042504c     opengl32:OPENGL32.dll
 0002:00000050       __imp__glGenTextures@8     00425050     opengl32:OPENGL32.dll
 0002:00000054       __imp__glShadeModel@4      00425054     opengl32:OPENGL32.dll
 0002:00000058       __imp__glBindTexture@8     00425058     opengl32:OPENGL32.dll
 0002:0000005c       __imp__glTexParameterf@12  0042505c     opengl32:OPENGL32.dll
 0002:00000060       __imp__glTexImage2D@36     00425060     opengl32:OPENGL32.dll
 0002:00000064       __imp__glFinish@0          00425064     opengl32:OPENGL32.dll
 0002:00000068       __imp__glFlush@0           00425068     opengl32:OPENGL32.dll
 0002:0000006c       __imp__glColor4f@16        0042506c     opengl32:OPENGL32.dll
 0002:00000070       __imp__glClear@4           00425070     opengl32:OPENGL32.dll
 0002:00000074       __imp__wglGetCurrentContext@0 00425074     opengl32:OPENGL32.dll
 0002:00000078       __imp__wglGetCurrentDC@0   00425078     opengl32:OPENGL32.dll
 0002:0000007c       __imp__glViewport@16       0042507c     opengl32:OPENGL32.dll
 0002:00000080       __imp__wglCreateContext@4  00425080     opengl32:OPENGL32.dll
 0002:00000084       __imp__wglMakeCurrent@8    00425084     opengl32:OPENGL32.dll
 0002:00000088       __imp__wglDeleteContext@4  00425088     opengl32:OPENGL32.dll
 0002:0000008c       __imp__glPushAttrib@4      0042508c     opengl32:OPENGL32.dll
 0002:00000090       __imp__glPopAttrib@0       00425090     opengl32:OPENGL32.dll
 0002:00000094       __imp__glEnd@0             00425094     opengl32:OPENGL32.dll
 0002:00000098       __imp__glColor3f@12        00425098     opengl32:OPENGL32.dll
 0002:0000009c       __imp__glVertex3f@12       0042509c     opengl32:OPENGL32.dll
 0002:000000a0       __imp__glTexCoord2f@8      004250a0     opengl32:OPENGL32.dll
 0002:000000a4       __imp__glBegin@4           004250a4     opengl32:OPENGL32.dll
 0002:000000a8       __imp__glDisable@4         004250a8     opengl32:OPENGL32.dll
 0002:000000ac       __imp__glTexEnvi@12        004250ac     opengl32:OPENGL32.dll
 0002:000000b0       __imp__glBlendFunc@8       004250b0     opengl32:OPENGL32.dll
 0002:000000b4       __imp__glEnable@4          004250b4     opengl32:OPENGL32.dll
 0002:000000b8       __imp__glClearColor@16     004250b8     opengl32:OPENGL32.dll
 0002:000000bc       __imp__glTranslatef@12     004250bc     opengl32:OPENGL32.dll
 0002:000000c0       __imp__glClearDepth@8      004250c0     opengl32:OPENGL32.dll
 0002:000000c4       __imp__glMatrixMode@4      004250c4     opengl32:OPENGL32.dll
 0002:000000c8       __imp__glEndList@0         004250c8     opengl32:OPENGL32.dll
 0002:000000cc       __imp__glNormal3f@12       004250cc     opengl32:OPENGL32.dll
 0002:000000d0       __imp__glNewList@8         004250d0     opengl32:OPENGL32.dll
 0002:000000d4       __imp__glCallList@4        004250d4     opengl32:OPENGL32.dll
 0002:000000d8       __imp__glScalef@12         004250d8     opengl32:OPENGL32.dll
 0002:000000dc       __imp__glPopMatrix@0       004250dc     opengl32:OPENGL32.dll
 0002:000000e0       __imp__glLoadIdentity@0    004250e0     opengl32:OPENGL32.dll
 0002:000000e4       __imp__glRotatef@16        004250e4     opengl32:OPENGL32.dll
 0002:000000e8       __imp__glOrtho@48          004250e8     opengl32:OPENGL32.dll
 0002:000000ec       __imp__glTexParameteri@12  004250ec     opengl32:OPENGL32.dll
 0002:000000f0       __imp__glCullFace@4        004250f0     opengl32:OPENGL32.dll
 0002:000000f4       \177OPENGL32_NULL_THUNK_DATA 004250f4     opengl32:OPENGL32.dll
 0002:000000f8       __imp__DefWindowProcA@16   004250f8     user32:USER32.dll
 0002:000000fc       __imp__UpdateWindow@4      004250fc     user32:USER32.dll
 0002:00000100       __imp__ShowWindow@8        00425100     user32:USER32.dll
 0002:00000104       __imp__AdjustWindowRectEx@16 00425104     user32:USER32.dll
 0002:00000108       __imp__GetSystemMetrics@4  00425108     user32:USER32.dll
 0002:0000010c       __imp__DialogBoxParamA@20  0042510c     user32:USER32.dll
 0002:00000110       __imp__wsprintfA           00425110     user32:USER32.dll
 0002:00000114       __imp__MessageBoxA@16      00425114     user32:USER32.dll
 0002:00000118       __imp__EndDialog@8         00425118     user32:USER32.dll
 0002:0000011c       __imp__SendDlgItemMessageA@20 0042511c     user32:USER32.dll
 0002:00000120       __imp__IsDlgButtonChecked@8 00425120     user32:USER32.dll
 0002:00000124       __imp__CheckDlgButton@12   00425124     user32:USER32.dll
 0002:00000128       __imp__PeekMessageA@20     00425128     user32:USER32.dll
 0002:0000012c       __imp__GetMessageA@16      0042512c     user32:USER32.dll
 0002:00000130       __imp__TranslateMessage@4  00425130     user32:USER32.dll
 0002:00000134       __imp__DispatchMessageA@4  00425134     user32:USER32.dll
 0002:00000138       __imp__LoadCursorA@8       00425138     user32:USER32.dll
 0002:0000013c       __imp__RegisterClassA@4    0042513c     user32:USER32.dll
 0002:00000140       __imp__CreateWindowExA@48  00425140     user32:USER32.dll
 0002:00000144       __imp__EnumDisplaySettingsA@12 00425144     user32:USER32.dll
 0002:00000148       __imp__PostQuitMessage@4   00425148     user32:USER32.dll
 0002:0000014c       __imp__GetDC@4             0042514c     user32:USER32.dll
 0002:00000150       __imp__DestroyWindow@4     00425150     user32:USER32.dll
 0002:00000154       __imp__SetTimer@16         00425154     user32:USER32.dll
 0002:00000158       __imp__ChangeDisplaySettingsA@8 00425158     user32:USER32.dll
 0002:0000015c       \177USER32_NULL_THUNK_DATA 0042515c     user32:USER32.dll
 0002:00000160       __imp__waveOutOpen@24      00425160     winmm:WINMM.dll
 0002:00000164       __imp__waveOutClose@4      00425164     winmm:WINMM.dll
 0002:00000168       __imp__waveOutReset@4      00425168     winmm:WINMM.dll
 0002:0000016c       __imp__waveOutUnprepareHeader@12 0042516c     winmm:WINMM.dll
 0002:00000170       __imp__waveOutGetPosition@12 00425170     winmm:WINMM.dll
 0002:00000174       __imp__waveOutWrite@12     00425174     winmm:WINMM.dll
 0002:00000178       __imp__waveOutPrepareHeader@12 00425178     winmm:WINMM.dll
 0002:0000017c       \177WINMM_NULL_THUNK_DATA  0042517c     winmm:WINMM.dll
 0002:00000180       __real@4@3fff8000000000000000 00425180     p_aftershit.obj
 0002:00000184       __real@4@40039800000000000000 00425184     p_aftershit.obj
 0002:00000188       __real@4@4003a000000000000000 00425188     p_aftershit.obj
 0002:0000018c       __real@4@4002e000000000000000 0042518c     p_aftershit.obj
 0002:00000190       __real@4@3fff88f5c30000000000 00425190     p_aftershit.obj
 0002:00000194       __real@4@4002f000000000000000 00425194     p_aftershit.obj
 0002:00000198       __real@4@3ffdaaaaaaaaaaaaa800 00425198     p_aftershit.obj
 0002:0000019c       __real@4@3ffaccccccccccccd000 0042519c     p_aftershit.obj
 0002:000001a0       __real@4@3ffd9696964fb922b000 004251a0     p_aftershit.obj
 0002:000001a4       __real@4@4000c000000000000000 004251a4     p_aftershit.obj
 0002:000001a8       __real@4@3ffca7de6d4968816000 004251a8     p_aftershit.obj
 0002:000001ac       __real@4@3ffe8000000000000000 004251ac     p_aftershit.obj
 0002:000001b0       __real@4@3ffb8888888888888800 004251b0     p_aftershit.obj
 0002:000001b4       __real@4@3ffd8000000000000000 004251b4     p_aftershit.obj
 0002:000001b8       __real@4@3ffcbda12f301c17f000 004251b8     p_aftershit.obj
 0002:000001bc       __real@4@3ffacccccd0000000000 004251bc     p_aftershit.obj
 0002:000001c0       __real@4@3ffbccccccccccccd000 004251c0     p_aftershit.obj
 0002:000001c4       __real@4@4002a800000000000000 004251c4     p_aftershit.obj
 0002:000001c8       __real@4@00000000000000000000 004251c8     p_aftershit.obj
 0002:000001cc       __real@4@3ffcccccccccccccd000 004251cc     p_aftershit.obj
 0002:000001d0       __real@4@3ffd99999a0000000000 004251d0     p_aftershit.obj
 0002:000001d4       __real@4@4001c000000000000000 004251d4     p_aftershit.obj
 0002:000001d8       __real@4@40018000000000000000 004251d8     p_aftershit.obj
 0002:000001dc       __real@4@3ffec916870000000000 004251dc     p_aftershit.obj
 0002:000001e0       __real@4@40008000000000000000 004251e0     p_aftershit.obj
 0002:000001e4       __real@4@3fffb5c28f0000000000 004251e4     p_aftershit.obj
 0002:000001e8       __real@4@bffe99999a0000000000 004251e8     p_aftershit.obj
 0002:000001ec       __real@4@3ffed70a3d0000000000 004251ec     p_aftershit.obj
 0002:000001f0       __real@4@3ffeb333330000000000 004251f0     p_aftershit.obj
 0002:000001f4       __real@4@3ffffc28f60000000000 004251f4     p_aftershit.obj
 0002:000001f8       __real@4@3fff8ccccd0000000000 004251f8     p_aftershit.obj
 0002:000001fc       __real@4@3fffcccccd0000000000 004251fc     p_aftershit.obj
 0002:00000200       __real@4@bfffd9999a0000000000 00425200     p_aftershit.obj
 0002:00000204       __real@4@3fffa000000000000000 00425204     p_aftershit.obj
 0002:00000208       __real@4@40038000000000000000 00425208     p_aftershit.obj
 0002:0000020c       __real@4@4002a000000000000000 0042520c     p_aftershit.obj
 0002:00000210       __real@4@4001e000000000000000 00425210     p_aftershit.obj
 0002:00000214       __real@4@3ff9a3d70a3d70a3d800 00425214     p_cubes.obj
 0002:00000218       __real@4@3ffea0ded26666666800 00425218     p_cubes.obj
 0002:0000021c       __real@4@3ffc80b241eb851eb800 0042521c     p_cubes.obj
 0002:00000220       __real@4@3ffccccccd0000000000 00425220     p_cubes.obj
 0002:00000224       __real@4@3ffe80b241eb851eb800 00425224     p_cubes.obj
 0002:00000228       __real@4@40029000000000000000 00425228     p_cubes.obj
 0002:0000022c       __real@4@40028000000000000000 0042522c     p_cubes.obj
 0002:00000230       __real@4@3fffaedbf0104c800800 00425230     p_cubes.obj
 0002:00000234       __real@4@3ffed3abec985a16e000 00425234     p_cubes.obj
 0002:00000238       __real@4@4000a792c5659e271000 00425238     p_cubes.obj
 0002:00000240       __real@8@3fff860f04c756b2d800 00425240     p_cubes.obj
 0002:00000248       __real@8@3ffec916872b020c4800 00425248     p_cubes.obj
 0002:00000250       __real@8@3fffc916872b020c4800 00425250     p_cubes.obj
 0002:00000258       __real@4@3ffc8000000000000000 00425258     p_cubes.obj
 0002:0000025c       __real@4@4003a800000000000000 0042525c     p_cubes.obj
 0002:00000260       __real@4@4000d554ca0000000000 00425260     p_cubes.obj
 0002:00000268       __real@8@4001a000000000000000 00425268     p_cubes.obj
 0002:00000270       __real@8@4000c000000000000000 00425270     p_cubes.obj
 0002:00000278       __real@8@4001e000000000000000 00425278     p_cubes.obj
 0002:00000280       __real@4@3ffcaaaaaaaaaaaaa800 00425280     p_cubes.obj
 0002:00000284       __real@4@3ffc9249249249249000 00425284     p_cubes.obj
 0002:00000288       __real@8@3fff8000000000000000 00425288     p_cubes.obj
 0002:00000290       __real@4@3ffaba2e8ba2e8ba3000 00425290     p_greetings.obj
 0002:00000294       __real@4@bff8a3d70a3d70a3d800 00425294     p_greetings.obj
 0002:00000298       __real@4@4005c800000000000000 00425298     p_greetings.obj
 0002:0000029c       __real@4@3ff8a3d70a3d70a3d800 0042529c     p_greetings.obj
 0002:000002a0       __real@8@3ffbcccccd0000000000 004252a0     p_greetings.obj
 0002:000002a8       __real@4@4001a000000000000000 004252a8     p_greetings.obj
 0002:000002ac       __real@4@4003c800000000000000 004252ac     p_greetings.obj
 0002:000002b0       __real@8@4005d200000000000000 004252b0     p_greetings.obj
 0002:000002b8       __real@4@3ffbcccccd0000000000 004252b8     p_greetings.obj
 0002:000002bc       __real@4@3ffa8888890000000000 004252bc     p_klask.obj
 0002:000002c0       __real@4@3ffcaaaaab0000000000 004252c0     p_klask.obj
 0002:000002c4       __real@4@3ffd8e38e3cd6e9e2000 004252c4     p_klask.obj
 0002:000002c8       __real@4@3ffcee23b7dda9e25800 004252c8     p_klask.obj
 0002:000002cc       __real@4@3fff860a920000000000 004252cc     p_klask.obj
 0002:000002d0       __real@4@3ffa8888888888888800 004252d0     p_klask.obj
 0002:000002d4       __real@4@3ffdcccccd0000000000 004252d4     p_klask.obj
 0002:000002d8       __real@4@3ffe99999a0000000000 004252d8     p_klask.obj
 0002:000002dc       __real@4@4002c000000000000000 004252dc     p_klask.obj
 0002:000002e0       __real@4@40038800000000000000 004252e0     p_klask.obj
 0002:000002e4       __real@4@3ffa8f5c290000000000 004252e4     p_loading.obj
 0002:000002e8       __real@4@3ffecccccd0000000000 004252e8     p_loading.obj
 0002:000002ec       __real@4@3ff8a3d70a0000000000 004252ec     p_misc.obj
 0002:000002f0       __real@4@3ff78080808080808000 004252f0     p_misc.obj
 0002:000002f8       __real@8@3ffb80b242070b8cf800 004252f8     p_misc.obj
 0002:00000300       __real@8@4002a000000000000000 00425300     p_name.obj
 0002:00000308       __real@8@3ffccccccd0000000000 00425308     p_name.obj
 0002:00000310       __real@4@3ffdfae1480000000000 00425310     p_name.obj
 0002:00000314       __real@4@3ffd83126f0000000000 00425314     p_name.obj
 0002:00000318       __real@4@3fff83126f0000000000 00425318     p_name.obj
 0002:0000031c       __real@4@bfff83126f0000000000 0042531c     p_name.obj
 0002:00000320       __real@4@bffd83126f0000000000 00425320     p_name.obj
 0002:00000324       __real@4@3fffc000000000000000 00425324     p_name.obj
 0002:00000328       __real@8@3ffeb2b8c2aaaaaaa800 00425328     p_psyk.obj
 0002:00000330       __real@4@3ffeb2b8c2aaaaaaa800 00425330     p_psyk.obj
 0002:00000334       __real@4@3fffa978d50000000000 00425334     p_psyk.obj
 0002:00000338       __real@4@3ffde666660000000000 00425338     p_psyk.obj
 0002:0000033c       __real@4@3ffed020c50000000000 0042533c     p_psyk.obj
 0002:00000340       __real@4@40059000000000000000 00425340     p_psyk.obj
 0002:00000344       __real@4@40018ccccd0000000000 00425344     p_psyk.obj
 0002:00000348       __real@4@4005b400000000000000 00425348     p_psyk.obj
 0002:0000034c       __real@4@4000e666660000000000 0042534c     p_psyk.obj
 0002:00000350       __real@4@40008ccccd0000000000 00425350     p_psyk.obj
 0002:00000354       __real@4@3ffff333330000000000 00425354     p_psyk.obj
 0002:00000358       __real@4@4002d000000000000000 00425358     p_psyk.obj
 0002:0000035c       __real@4@4000d9999a0000000000 0042535c     p_psyk.obj
 0002:00000360       __real@4@4000a666660000000000 00425360     p_psyk.obj
 0002:00000364       __real@4@3fff99999a0000000000 00425364     p_silu.obj
 0002:00000368       __real@4@4003f000000000000000 00425368     p_silu.obj
 0002:0000036c       __real@4@4004a000000000000000 0042536c     p_silu.obj
 0002:00000370       __real@8@3ffa80b242070b8cf800 00425370     p_sphere.obj
 0002:00000378       __real@4@4004f000000000000000 00425378     p_sphere.obj
 0002:0000037c       __real@4@3ffb80b241eb851eb800 0042537c     p_sphere.obj
 0002:00000380       __real@4@3ffb80adfcccccccd000 00425380     p_tunnel.obj
 0002:00000384       __real@4@3ff78000000000000000 00425384     p_tunnel.obj
 0002:00000388       __real@4@3fffc916870000000000 00425388     p_twist3d.obj
 0002:0000038c       __real@4@40048000000000000000 0042538c     p_twist3d.obj
 0002:00000390       __real@4@4004a800000000000000 00425390     p_twist3d.obj
 0002:00000394       __real@4@3ff9ea0ea0ea0ea0e800 00425394     p_twist3d.obj
 0002:00000398       __real@4@40068400000000000000 00425398     p_twist3d.obj
 0002:000003a0       __real@8@40039000000000000000 004253a0     p_twist3d.obj
 0002:000003a8       __real@4@40058c00000000000000 004253a8     p_twist3d.obj
 0002:000003b0       __real@8@40039800000000000000 004253b0     p_twist3d.obj
 0002:000003b8       __real@8@40038800000000000000 004253b8     p_twist3d.obj
 0002:000003c0       __real@4@bffe8000000000000000 004253c0     p_twister.obj
 0002:000003c4       __real@4@3ffec90fdb0000000000 004253c4     p_twister.obj
 0002:000003c8       __real@4@4000a000000000000000 004253c8     p_twister.obj
 0002:000003cc       __real@4@3fffa0d97c0000000000 004253cc     p_twister.obj
 0002:000003d0       __real@4@3ffc99999a0000000000 004253d0     p_twister.obj
 0002:000003d4       __real@4@3ff8da740da740da7800 004253d4     p_twister.obj
 0002:000003d8       __real@4@c000c000000000000000 004253d8     p_wirelandscape.obj
 0002:000003dc       __real@4@c0008000000000000000 004253dc     p_wirelandscape.obj
 0002:000003e0       __real@4@bfffc000000000000000 004253e0     p_wirelandscape.obj
 0002:000003e4       __real@4@bfff8000000000000000 004253e4     p_wirelandscape.obj
 0002:000003e8       __real@8@3fffa000000000000000 004253e8     p_wirelandscape.obj
 0002:000003f0       __real@8@40008000000000000000 004253f0     p_wirelandscape.obj
 0002:000003f8       __real@8@4000d999999999999800 004253f8     p_wirelandscape.obj
 0002:00000400       __real@8@4000a000000000000000 00425400     p_wirelandscape.obj
 0002:00000408       __real@4@4006b400000000000000 00425408     p_wirelandscape.obj
 0002:00000410       __real@8@4001c000000000000000 00425410     p_wirelandscape.obj
 0002:00000418       __real@8@3ffd9999999999999800 00425418     p_wirelandscape.obj
 0002:00000420       __real@8@3ffe8000000000000000 00425420     p_wirelandscape.obj
 0002:00000428       __real@8@4000c916872b020c4800 00425428     events.obj
 0002:00000430       ??_C@_0CL@CKKKHOFG@Failed?5to?5Create?5OpenGL?5Renderin@ 00425430     gla_stuff.obj
 0002:0000045c       ??_C@_0L@GKGAPFJA@TEST?5?$CI?$CBfs?$CJ?$AA@ 0042545c     gla_stuff.obj
 0002:00000468       ??_C@_04OIKJMBFP@TEST?$AA@ 00425468     gla_stuff.obj
 0002:00000470       ??_C@_09MOBNEOLM@TEST?5?$CIfs?$CJ?$AA@ 00425470     gla_stuff.obj
 0002:0000047c       ??_C@_0BF@OCONGMKI@glAss?5?$HM?5psikorp?52000?$AA@ 0042547c     gla_stuff.obj
 0002:00000494       ??_C@_0BP@GJDLIPAJ@Couldn?8t?5Register?5Window?5Class?$AA@ 00425494     gla_stuff.obj
 0002:000004b4       ??_C@_05BNKHHAOG@GLASS?$AA@ 004254b4     gla_stuff.obj
 0002:000004bc       __real@00000000            004254bc     gla_stuff.obj
 0002:000004c0       __real@4@3ff98efa355555555800 004254c0     gla_stuff2.obj
 0002:000004c4       __real@4@3ff8f000000000000000 004254c4     gla_stuff2.obj
 0002:000004c8       __real@4@3ff98000000000000000 004254c8     gla_stuff2.obj
 0002:000004cc       __real@4@3ff583126e978d4fe000 004254cc     gla_stuff2.obj
 0002:000004d0       ??_C@_0BC@FEDLLBDO@1600?5x?51200?5?$CKgah?$CK?$AA@ 004254d0     startup.obj
 0002:000004e4       ??_C@_0M@PPEHOBIK@1280?5x?51024?$AA@ 004254e4     startup.obj
 0002:000004f0       ??_C@_0L@HNOGOHFM@1280?5x?5720?$AA@ 004254f0     startup.obj
 0002:000004fc       ??_C@_0L@BOLNMBPL@1152?5x?5864?$AA@ 004254fc     startup.obj
 0002:00000508       ??_C@_0L@KHKHJBNB@1024?5x?5768?$AA@ 00425508     startup.obj
 0002:00000514       ??_C@_09LMNCLMA@800?5x?5600?$AA@ 00425514     startup.obj
 0002:00000520       ??_C@_09OMPCNDEM@640?5x?5480?$AA@ 00425520     startup.obj
 0002:0000052c       ??_C@_09PGMMNHMA@512?5x?5384?$AA@ 0042552c     startup.obj
 0002:00000538       ??_C@_09CGCPDLHM@400?5x?5300?$AA@ 00425538     startup.obj
 0002:00000544       ??_C@_09FFLAMHDK@320?5x?5240?$AA@ 00425544     startup.obj
 0002:00000550       ??_C@_0N@CPEFLFDB@160?5x?5120?5?3?$CJ?$AA@ 00425550     startup.obj
 0002:00000560       ??_C@_05MBDEGLCK@ERROR?$AA@ 00425560     startup.obj
 0002:00000568       ??_C@_0BJ@DIFCELEH@error?5?$CFd?5?$CIlasterror?$CJ?6?$CFs?6?$AA@ 00425568     startup.obj
 0002:00000584       __real@430e0000            00425584     startup.obj
 0002:00000588       ??_C@_0BG@DEHFMOHG@Couldn?8t?5load?5module?4?$AA@ 00425588     startup.obj
 0002:000005a0       ??_C@_0BP@NAMCMGKC@Couldn?8t?5initialize?5soundcard?4?$AA@ 004255a0     startup.obj
 0002:000005c0       __real@4@4008fa00000000000000 004255c0     minifmod:Fmusic.obj
 0002:000005c4       __real@4@3ffdccccccccccccd000 004255c4     minifmod:Fmusic.obj
 0002:000005c8       __real@8@40078000000000000000 004255c8     minifmod:music_formatxm.obj
 0002:000005d0       __real@8@3ffac90fd7e45803d000 004255d0     minifmod:music_formatxm.obj
 0002:000005d8       __real@8@40058000000000000000 004255d8     minifmod:music_formatxm.obj
 0002:000005e0       __real@8@3fffc90fd7e45803d000 004255e0     minifmod:music_formatxm.obj
 0002:000005e8       __real@8@4002d600000000000000 004255e8     minifmod:music_formatxm.obj
 0002:000005f0       __real@4@3ffbaaaaaaaaaaaaa800 004255f0     minifmod:music_formatxm.obj
 0002:000005f8       __real@8@400c82ac000000000000 004255f8     minifmod:music_formatxm.obj
 0002:00000600       __real@4@3ff5aaaaaaaaaaaaa800 00425600     minifmod:music_formatxm.obj
 0002:00000604       __real@4@400b9000000000000000 00425604     minifmod:music_formatxm.obj
 0002:00000608       __real@4@3fe3ff00000000000000 00425608     minifmod:music_formatxm.obj
 0002:0000061c       __imp__rand                0042561c     <linker-defined>
 0002:00000620       __imp__srand               00425620     <linker-defined>
 0002:00000624       __IMPORT_DESCRIPTOR_KERNEL32 00425624     kernel32:KERNEL32.dll
 0002:00000638       __IMPORT_DESCRIPTOR_USER32 00425638     user32:USER32.dll
 0002:0000064c       __IMPORT_DESCRIPTOR_GDI32  0042564c     gdi32:GDI32.dll
 0002:00000660       __IMPORT_DESCRIPTOR_OPENGL32 00425660     opengl32:OPENGL32.dll
 0002:00000674       __IMPORT_DESCRIPTOR_GLU32  00425674     glu32:GLU32.dll
 0002:00000688       __IMPORT_DESCRIPTOR_WINMM  00425688     winmm:WINMM.dll
 0002:0000069c       __NULL_IMPORT_DESCRIPTOR   0042569c     kernel32:KERNEL32.dll
 0003:00000000       ??_C@_0BD@FGNJ@r?4i?4p?5lolo?5ferrari?$AA@ 00426000     p_aftershit.obj
 0003:00000014       ??_C@_0P@NDIP@glass?5?5?$CIc?$CJ2000?$AA@ 00426014     p_aftershit.obj
 0003:00000024       ??_C@_05NCPJ@ideas?$AA@    00426024     p_aftershit.obj
 0003:0000002c       ??_C@_0BK@GFFF@hanzon?0?5summlan?0?5weird?5ed?$AA@ 0042602c     p_aftershit.obj
 0003:00000048       ??_C@_0BA@DHBK@music?0?5graphics?$AA@ 00426048     p_aftershit.obj
 0003:00000058       ??_C@_05EMO@h?9ecs?$AA@    00426058     p_aftershit.obj
 0003:00000060       ??_C@_0P@MAOE@code?0?5graphics?$AA@ 00426060     p_aftershit.obj
 0003:00000070       ??_C@_0M@ELBL@illuminator?$AA@ 00426070     p_aftershit.obj
 0003:0000007c       ?pgtext@@3PAPADA           0042607c     p_greetings.obj
 0003:000000bc       ??_C@_08LALN@grilla?$CB?$DP?$AA@ 004260bc     p_greetings.obj
 0003:000000c8       ??_C@_0L@OAAJ@bingoberra?$AA@ 004260c8     p_greetings.obj
 0003:000000d4       ??_C@_07EIKO@komplex?$AA@  004260d4     p_greetings.obj
 0003:000000dc       ??_C@_0N@NPHF@mediascience?$AA@ 004260dc     p_greetings.obj
 0003:000000ec       ??_C@_06GDLG@trauma?$AA@   004260ec     p_greetings.obj
 0003:000000f4       ??_C@_05DFFL@yodel?$AA@    004260f4     p_greetings.obj
 0003:000000fc       ??_C@_07DBAH@jeskola?$AA@  004260fc     p_greetings.obj
 0003:00000104       ??_C@_03PFCJ@tbl?$AA@      00426104     p_greetings.obj
 0003:00000108       ??_C@_07IIGO@woorlic?$AA@  00426108     p_greetings.obj
 0003:00000110       ??_C@_09EBMO@former?5k2?$AA@ 00426110     p_greetings.obj
 0003:0000011c       ??_C@_07GNCA@aardbei?$AA@  0042611c     p_greetings.obj
 0003:00000124       ??_C@_04IBLB@mind?$AA@     00426124     p_greetings.obj
 0003:0000012c       ??_C@_0L@OJOM@neurodruid?$AA@ 0042612c     p_greetings.obj
 0003:00000138       ??_C@_09DMFC@we?5luhv?4?4?$AA@ 00426138     p_greetings.obj
 0003:00000144       ??_C@_0BB@ICHF@?$CIc?$CJopywr0ng?51999?$AA@ 00426144     p_loading.obj
 0003:00000158       ??_C@_0BB@HOEE@gl?5ass?5?1?5psikorp?$AA@ 00426158     p_loading.obj
 0003:0000016c       ??_C@_0BJ@ONGB@a?5accelerated?564k?5intro?$CB?$AA@ 0042616c     p_loading.obj
 0003:00000188       ??_C@_0BM@BGGL@a?5accelerated?5demo?0?5this?5is?$AA@ 00426188     p_loading.obj
 0003:000001a4       ??_C@_0BN@LEHE@hey?5guys?8n?8gals?0?5this?5is?5not?$AA@ 004261a4     p_loading.obj
 0003:000001c4       ??_C@_0BG@KNEM@april?52000?0?5norway?4?4?4?$AA@ 004261c4     p_misc.obj
 0003:000001dc       ??_C@_0BH@NLAD@you?8re?5not?5dreaming?4?4?4?$AA@ 004261dc     p_misc.obj
 0003:000001f4       ??_C@_0BN@CEMB@vi?5kan?5it?5och?5multimedia?$CB?5?3?$CJ?$AA@ 004261f4     p_misc.obj
 0003:00000214       ?p_name_name@@3PAPADA      00426214     p_name.obj
 0003:00000224       ??_C@_05OFNJ@bajs2?$AA@    00426224     p_name.obj
 0003:0000022c       ??_C@_05BKGA@bajs1?$AA@    0042622c     p_name.obj
 0003:00000290       ?fonttable@@3PADA          00426290     gla_stuff2.obj
 0003:00000294       ??_C@_0DC@MPAE@abcdefghijklmnopqrstuvwxyz012345@ 00426294     gla_stuff2.obj
 0003:000002c8       _FSOUND_BufferSizeMs       004262c8     minifmod:Fsound.obj
 0003:000002d0       _FMUSIC_Head               004262d0     minifmod:Fmusic.obj
 0003:000002d8       _FSOUND_Software_ThreadFinished 004262d8     minifmod:sound_software.obj
 0003:000002dc       ??_C@_0BC@JHGC@Extended?5Module?3?5?$AA@ 004262dc     minifmod:music_formatxm.obj
 0003:00000300       ?old_matrix@@3PAMA         00426300     p_cubes.obj
 0003:00000340       ??_C@_00A@?$AA@            00426340     p_greetings.obj
 0003:00000344       ?klr@@3PAY02MA             00426344     p_klask.obj
 0003:00000470       ?tuo@@3MA                  00426470     p_psyk.obj
 0003:00000474       ?tvo@@3MA                  00426474     p_psyk.obj
 0003:00000478       ?pt_b@@3PAY04MA            00426478     p_twister.obj
 0003:00000d24       ?pt_c@@3PAY02MA            00426d24     p_twister.obj
 0003:00000d60       ?pt_x@@3PAY04MA            00426d60     p_twister.obj
 0003:0000160c       ?pEvent@@3PAPAUONEEVENT@@A 0042760c     events.obj
 0003:0000260c       ?nEvents@@3HA              0042860c     events.obj
 0003:00002610       ?maindc@@3PAUHDC__@@A      00428610     gla_stuff.obj
 0003:00002614       ?_pv@@3PAMA                00428614     gla_stuff.obj
 0003:00002618       ?mainwindow@@3PAUHWND__@@A 00428618     gla_stuff.obj
 0003:00002620       ?_pu@@3PAMA                00428620     gla_stuff.obj
 0003:0000262c       ?_pv2@@3PAMA               0042862c     gla_stuff.obj
 0003:00002630       ?_pu2@@3PAMA               00428630     gla_stuff.obj
 0003:00002638       ?_pd@@3PAMA                00428638     gla_stuff.obj
 0003:00006760       ?resetbeat@@3MA            0042c760     gla_stuff2.obj
 0003:0000676c       ?resettime@@3KA            0042c76c     gla_stuff2.obj
 0003:00006778       ?tex_id@@3PAIA             0042c778     gla_stuff2.obj
 0003:0000771c       ?StartupFlags@@3JA         0042d71c     startup.obj
 0003:00007720       _FSOUND_Channel            0042d720     minifmod:Fsound.obj
 0003:00007724       _FSOUND_SoftwareChannels   0042d724     minifmod:Fsound.obj
 0003:00007728       _FSOUND_File_OpenCallback  0042d728     minifmod:system_file.obj
 0003:0000772c       _FSOUND_File_CloseCallback 0042d72c     minifmod:system_file.obj
 0003:00007730       _FSOUND_File_ReadCallback  0042d730     minifmod:system_file.obj
 0003:00007734       _FSOUND_File_SeekCallback  0042d734     minifmod:system_file.obj
 0003:00007738       _FSOUND_File_TellCallback  0042d738     minifmod:system_file.obj
 0003:0000773c       _FSOUND_Mixer              0042d73c     minifmod:sound_software.obj
 0003:00007740       _FSOUND_HWMixOffset        0042d740     minifmod:sound_software.obj
 0003:00007744       _FSOUND_ChannelsMixed      0042d744     minifmod:sound_software.obj
 0003:00007748       _FSOUND_Software_Exit      0042d748     minifmod:sound_software.obj
 0003:00007749       _FSOUND_Software_UpdateMutex 0042d749     minifmod:sound_software.obj
 0003:0000774c       _FSOUND_Software_hThread   0042d74c     minifmod:sound_software.obj
 0003:00007758       _tempchar                  0042d758     minifmod:music_formatxm.obj
 0003:000077a4       _mix_volumerampsteps       0042d7a4     minifmod:mixer_fpu_ramp.obj
 0003:000077a8       _mix_1overvolumerampsteps  0042d7a8     minifmod:mixer_fpu_ramp.obj
 0003:000077b0       _cptr                      0042d7b0     <common>
 0003:000077b4       _FSOUND_BufferSize         0042d7b4     <common>
 0003:000077b8       _FSOUND_MixBufferMem       0042d7b8     <common>
 0003:000077bc       _FSOUND_OOMixRate          0042d7bc     <common>
 0003:000077c0       _FMUSIC_DummyVirtualChannel 0042d7c0     <common>
 0003:00007840       _FMUSIC_DummyChannel       0042d840     <common>
 0003:000078c0       _FMUSIC_DummyInstrument    0042d8c0     <common>
 0003:00007a14       _FMUSIC_VirtualChannel     0042da14     <common>
 0003:00007a20       _FMUSIC_DummySample        0042da20     <common>
 0003:00007a58       _FSOUND_MixBuffer          0042da58     <common>
 0003:00007a60       _FSOUND_MixBlock           0042da60     <common>
 0003:00007a84       _FSOUND_BlockSize          0042da84     <common>
 0003:00007a88       _FSOUND_MixRate            0042da88     <common>
 0003:00007a8c       _FSOUND_MixerClipCopy      0042da8c     <common>
 0003:00007a90       _FSOUND_WaveOutHandle      0042da90     <common>
 0003:00007a98       _FSOUND_Software_ChannelHead 0042da98     <common>
 0003:00007aa0       _FSOUND_BufferWidth        0042daa0     <common>
 0003:00007ab0       _FSOUND_ChannelBlock_Software 0042dab0     <common>

 entry point at        0001:00023639

 Static symbols

