 glAss

 Timestamp is 3a202da3 (Sat Nov 25 22:22:43 2000)

 Preferred load address is 00400000

 Start         Length     Name                   Class
 0001:00000000 000286f6H .text                   CODE
 0002:00000000 000006acH .rdata                  DATA
 0002:000006ac 00000000H .edata                  DATA
 0003:00000000 000000dcH .data                   DATA
 0003:000000dc 000077c0H .bss                    DATA
 0004:00000000 00000078H .idata$2                DATA
 0004:00000078 00000014H .idata$3                DATA
 0004:0000008c 00000188H .idata$4                DATA
 0004:00000214 00000188H .idata$5                DATA
 0004:0000039c 000005f2H .idata$6                DATA
 0005:00000000 000000e8H .rsrc$01                DATA
 0005:000000f0 00000a80H .rsrc$02                DATA

  Address         Publics by Value              Rva+Base     Lib:Object

 0001:00000000       _gif_clouds                00401000     gif_clouds.obj
 0001:00000450       _gif_flare                 00401450     gif_flare.obj
 0001:00000670       _gif_font                  00401670     gif_font.obj
 0001:00000d70       _gif_green                 00401d70     gif_green.obj
 0001:00001040       _gif_grid                  00402040     gif_grid.obj
 0001:00001370       _gif_names                 00402370     gif_names.obj
 0001:00001420       _gif_psikorp2              00402420     gif_psikorp2.obj
 0001:000018f0       _gif_psikorp3              004028f0     gif_psikorp3.obj
 0001:00001d80       _gif_psikorp4              00402d80     gif_psikorp4.obj
 0001:000024d0       _gif_rost                  004034d0     gif_rost.obj
 0001:000026d0       _gif_silu                  004036d0     gif_silu.obj
 0001:00002c20       _gif_title                 00403c20     gif_title.obj
 0001:000030f0       _gif_twister2              004040f0     gif_twister2.obj
 0001:000034d0       _intromusic                004044d0     intromusic.obj
 0001:000195a0       ?pas_drawbackground@@YAXMMMM@Z 0041a5a0 f   p_aftershit.obj
 0001:000199d0       ?pas_renderfade@@YAXM@Z    0041a9d0 f   p_aftershit.obj
 0001:00019b10       ?pas_drawtitle@@YAXM@Z     0041ab10 f   p_aftershit.obj
 0001:00019c80       ?pas_drawcreds@@YAXM@Z     0041ac80 f   p_aftershit.obj
 0001:00019e80       ?p_aftershit_run@@YAXPAUEVENT@@@Z 0041ae80 f   p_aftershit.obj
 0001:00019fe0       ?p_cubes_init@@YAXXZ       0041afe0 f   p_cubes.obj
 0001:0001a430       ?p_cubes_render_world@@YAXM@Z 0041b430 f   p_cubes.obj
 0001:0001a520       ?p_cubes_render_flow@@YAXMMMMMMM@Z 0041b520 f   p_cubes.obj
 0001:0001ab50       ?p_cubes_run@@YAXPAUEVENT@@@Z 0041bb50 f   p_cubes.obj
 0001:0001b150       ?p_greetings_init@@YAXXZ   0041c150 f   p_greetings.obj
 0001:0001b350       ?p_greetings_run@@YAXPAUEVENT@@@Z 0041c350 f   p_greetings.obj
 0001:0001b570       ?pgot@@YAXMMPADM@Z         0041c570 f   p_greetings.obj
 0001:0001b6e0       ?p_klask_init@@YAXXZ       0041c6e0 f   p_klask.obj
 0001:0001ba50       ?p_klask_run@@YAXPAUEVENT@@@Z 0041ca50 f   p_klask.obj
 0001:0001be10       ?plobox@@YAXMMH@Z          0041ce10 f   p_loading.obj
 0001:0001bef0       ?p_loading_draw@@YAXHH@Z   0041cef0 f   p_loading.obj
 0001:0001c0c0       ?p_whiteflash_run@@YAXPAUEVENT@@@Z 0041d0c0 f   p_misc.obj
 0001:0001c170       ?p_fadeblack_run@@YAXPAUEVENT@@@Z 0041d170 f   p_misc.obj
 0001:0001c240       ?p_static_run@@YAXPAUEVENT@@@Z 0041d240 f   p_misc.obj
 0001:0001c320       ?p_futurama_run@@YAXPAUEVENT@@@Z 0041d320 f   p_misc.obj
 0001:0001c560       ?p_fulintro_run@@YAXPAUEVENT@@@Z 0041d560 f   p_misc.obj
 0001:0001c690       ?p_hanzon_run@@YAXPAUEVENT@@@Z 0041d690 f   p_misc.obj
 0001:0001c760       ?p_name_run@@YAXPAUEVENT@@@Z 0041d760 f   p_name.obj
 0001:0001c960       ?p_title_run@@YAXPAUEVENT@@@Z 0041d960 f   p_name.obj
 0001:0001cb50       ?pp_glMappa@@YAXMM@Z       0041db50 f   p_psyk.obj
 0001:0001cbd0       ?pp_generateScene@@YAXM@Z  0041dbd0 f   p_psyk.obj
 0001:0001cfa0       ?p_psyk_run@@YAXPAUEVENT@@@Z 0041dfa0 f   p_psyk.obj
 0001:0001d3a0       ?p_silu_rit@@YAXM@Z        0041e3a0 f   p_silu.obj
 0001:0001d920       ?p_silu_klutt@@YAXMMM@Z    0041e920 f   p_silu.obj
 0001:0001db90       ?p_silu_run@@YAXPAUEVENT@@@Z 0041eb90 f   p_silu.obj
 0001:0001dea0       ?psilufunc@@YAXMMPAM00MM@Z 0041eea0 f   p_silu.obj
 0001:0001dfd0       ?p_sf@@YAMMM@Z             0041efd0 f   p_sphere.obj
 0001:0001dff0       ?p_sphere_function@@YA?AUVECTOR@@MMM@Z 0041eff0 f   p_sphere.obj
 0001:0001e190       ?p_sphere_render@@YAXM@Z   0041f190 f   p_sphere.obj
 0001:0001e450       ?p_sphere_run@@YAXPAUEVENT@@@Z 0041f450 f   p_sphere.obj
 0001:0001e570       ?p_tunnel_function@@YA?AUVECTOR@@MM@Z 0041f570 f   p_tunnel.obj
 0001:0001e6c0       ?p_tunnel_render@@YAXMM@Z  0041f6c0 f   p_tunnel.obj
 0001:0001ead0       ?p_tunnel_run@@YAXPAUEVENT@@@Z 0041fad0 f   p_tunnel.obj
 0001:0001ec80       ?p_twist3d_render_section@@YAXMMMMMMMMM@Z 0041fc80 f   p_twist3d.obj
 0001:0001f150       ?pt3d_funktionen_f@@YAMMM@Z 00420150 f   p_twist3d.obj
 0001:0001f1e0       ?p_twist3d_render@@YAXMM@Z 004201e0 f   p_twist3d.obj
 0001:0001f430       ?p_twist3d_run@@YAXPAUEVENT@@@Z 00420430 f   p_twist3d.obj
 0001:0001f9d0       ?pt_funktionen_f@@YAMMM@Z  004209d0 f   p_twister.obj
 0001:0001fa60       ?ptffff@@YAMM@Z            00420a60 f   p_twister.obj
 0001:0001faf0       ?pt_draw@@YAXM@Z           00420af0 f   p_twister.obj
 0001:000201c0       ?p_twister_run@@YAXPAUEVENT@@@Z 004211c0 f   p_twister.obj
 0001:00020280       ?pw_drawbuilding@@YAXMMMMMMM@Z 00421280 f   p_wirelandscape.obj
 0001:00020650       ?pw_draw_tile@@YAXMMMMM@Z  00421650 f   p_wirelandscape.obj
 0001:00020740       ?pw_draw_obj@@YAXMMMM@Z    00421740 f   p_wirelandscape.obj
 0001:000210f0       ?pw_draw_world@@YAXMM@Z    004220f0 f   p_wirelandscape.obj
 0001:00021ab0       ?p_wirelandscape_run@@YAXPAUEVENT@@@Z 00422ab0 f   p_wirelandscape.obj
 0001:00021c80       ?event_run@@YAXMM@Z        00422c80 f   events.obj
 0001:00021d70       ?event_register@@YAXMMP6AXPAUEVENT@@@ZJ@Z 00422d70 f   events.obj
 0001:00021de0       ?event_init@@YAXXZ         00422de0 f   events.obj
 0001:00021e20       ?event_free@@YAXXZ         00422e20 f   events.obj
 0001:00021e70       ?glaExit@@YAHXZ            00422e70 f   gla_stuff.obj
 0001:00021e90       ?setupGL@@YAPAUHGLRC__@@H@Z 00422e90 f   gla_stuff.obj
 0001:00021f20       ?MainWndProc@@YGJPAUHWND__@@IIJ@Z 00422f20 f   gla_stuff.obj
 0001:00021ff0       ?glaStartup@@YAXHIII@Z     00422ff0 f   gla_stuff.obj
 0001:00022280       ?glaShutdown@@YAXXZ        00423280 f   gla_stuff.obj
 0001:000222d0       ?glaCls@@YAXM@Z            004232d0 f   gla_stuff.obj
 0001:000223d0       ?glaBlit@@YAXXZ            004233d0 f   gla_stuff.obj
 0001:00022450       ?pow2@@YAHH@Z              00423450 f   gla_stuff2.obj
 0001:000224b0       ?init_exp@@YAFF@Z          004234b0 f   gla_stuff2.obj
 0001:00022540       ?get_next_code@@YAFXZ      00423540 f   gla_stuff2.obj
 0001:000227c0       ?decode@@YAFPAEFF@Z        004237c0 f   gla_stuff2.obj
 0001:00022b20       ?glaUploadTexture@@YAXHPAJHH@Z 00423b20 f   gla_stuff2.obj
 0001:00022c10       ?glaFreeTexture@@YAXH@Z    00423c10 f   gla_stuff2.obj
 0001:00022c20       ?glaSetTexture@@YAXH@Z     00423c20 f   gla_stuff2.obj
 0001:00022c60       ?glaUploadGif@@YAXHPAEJ@Z  00423c60 f   gla_stuff2.obj
 0001:000230e0       ?glaQuad@@YAXMMMMMMMMM@Z   004240e0 f   gla_stuff2.obj
 0001:000231a0       ?glaRotate2d@@YAXPAM0MMM@Z 004241a0 f   gla_stuff2.obj
 0001:00023230       ?glaQuadR@@YAXMMMMMMMMMM@Z 00424230 f   gla_stuff2.obj
 0001:00023390       ?glaDefaultProjection@@YAXXZ 00424390 f   gla_stuff2.obj
 0001:00023440       ?misc_strlen@@YAJPAD@Z     00424440 f   gla_stuff2.obj
 0001:00023480       ?glaDrawChar@@YAXMMMMMD@Z  00424480 f   gla_stuff2.obj
 0001:00023580       ?glaDrawString@@YAXMMMMMMPAD@Z 00424580 f   gla_stuff2.obj
 0001:00023600       ?glaDrawStringL@@YAXMMMMMMPAD@Z 00424600 f   gla_stuff2.obj
 0001:00023670       ?glaReset@@YAXXZ           00424670 f   gla_stuff2.obj
 0001:00023690       ?glaTime@@YAMXZ            00424690 f   gla_stuff2.obj
 0001:000236d0       ?glaRelBeat@@YAMXZ         004246d0 f   gla_stuff2.obj
 0001:000236f0       ?Cos@@YAMM@Z               004246f0 f   newmath.obj
 0001:00023720       ?Sin@@YAMM@Z               00424720 f   newmath.obj
 0001:00023750       ?matrix_ident@@YAXPAUMATRIX@@@Z 00424750 f   newmath.obj
 0001:00023800       ?matrix_mul@@YAXPAUMATRIX@@00@Z 00424800 f   newmath.obj
 0001:000239b0       ?rotate_z_matrix@@YAXMPAUMATRIX@@@Z 004249b0 f   newmath.obj
 0001:00023a40       ?rotate_x_matrix@@YAXMPAUMATRIX@@@Z 00424a40 f   newmath.obj
 0001:00023ad0       ?rotate_y_matrix@@YAXMPAUMATRIX@@@Z 00424ad0 f   newmath.obj
 0001:00023b60       ?build_rotation_matrix@@YAXMMMPAUMATRIX@@@Z 00424b60 f   newmath.obj
 0001:00023be0       ?matrix_from_vectors@@YAXPAUVECTOR@@0PAUMATRIX@@@Z 00424be0 f   newmath.obj
 0001:00023d20       ?vector_mul@@YAXPAUMATRIX@@PAUVECTOR@@1@Z 00424d20 f   newmath.obj
 0001:00023dc0       ?vector_crossproduct@@YAXPAUVECTOR@@00@Z 00424dc0 f   newmath.obj
 0001:00023e30       ?vector_dotproduct@@YAMPAUVECTOR@@0@Z 00424e30 f   newmath.obj
 0001:00023e70       ?vector_length@@YAMPAUVECTOR@@@Z 00424e70 f   newmath.obj
 0001:00023ec0       ?vector_normalize@@YAMPAUVECTOR@@@Z 00424ec0 f   newmath.obj
 0001:00023f40       ?vector@@YA?AUVECTOR@@MMM@Z 00424f40 f   newmath.obj
 0001:00023f80       ?vector_add@@YAXPAUVECTOR@@0@Z 00424f80 f   newmath.obj
 0001:00023fd0       ?vector_sub@@YAXPAUVECTOR@@0@Z 00424fd0 f   newmath.obj
 0001:00024020       ?invert_matrix@@YAXPAUMATRIX@@0@Z 00425020 f   newmath.obj
 0001:000245f0       ?vector_project@@YAXPAUVECTOR@@0MM@Z 004255f0 f   newmath.obj
 0001:00024660       ?memopen@@YAIPAD@Z         00425660 f   startup.obj
 0001:000246a0       ?memclose@@YAXI@Z          004256a0 f   startup.obj
 0001:000246c0       ?memread@@YAHPAXHI@Z       004256c0 f   startup.obj
 0001:00024710       ?memseek@@YAXIHC@Z         00425710 f   startup.obj
 0001:00024750       ?memtell@@YAHI@Z           00425750 f   startup.obj
 0001:00024770       ?StartupDialog@@YGHPAUHWND__@@IIJ@Z 00425770 f   startup.obj
 0001:000249d0       ?upload_images@@YAXXZ      004259d0 f   startup.obj
 0001:00024ab0       ?Error@@YAXPAD@Z           00425ab0 f   startup.obj
 0001:00024b10       _WinMain@16                00425b10 f   startup.obj
 0001:00025252       _GlobalAlloc@8             00426252 f   kernel32:KERNEL32.dll
 0001:00025258       _GlobalFree@4              00426258 f   kernel32:KERNEL32.dll
 0001:0002525e       _GetTickCount@0            0042625e f   kernel32:KERNEL32.dll
 0001:00025264       _GetModuleHandleA@4        00426264 f   kernel32:KERNEL32.dll
 0001:0002526a       _ExitProcess@4             0042626a f   kernel32:KERNEL32.dll
 0001:00025270       _GetLastError@0            00426270 f   kernel32:KERNEL32.dll
 0001:00025276       _Sleep@4                   00426276 f   kernel32:KERNEL32.dll
 0001:0002527c       _DefWindowProcA@16         0042627c f   user32:USER32.dll
 0001:00025282       _PostQuitMessage@4         00426282 f   user32:USER32.dll
 0001:00025288       _SetTimer@16               00426288 f   user32:USER32.dll
 0001:0002528e       _DestroyWindow@4           0042628e f   user32:USER32.dll
 0001:00025294       _GetDC@4                   00426294 f   user32:USER32.dll
 0001:0002529a       _UpdateWindow@4            0042629a f   user32:USER32.dll
 0001:000252a0       _ShowWindow@8              004262a0 f   user32:USER32.dll
 0001:000252a6       _AdjustWindowRectEx@16     004262a6 f   user32:USER32.dll
 0001:000252ac       _GetSystemMetrics@4        004262ac f   user32:USER32.dll
 0001:000252b2       _ChangeDisplaySettingsA@8  004262b2 f   user32:USER32.dll
 0001:000252b8       _EnumDisplaySettingsA@12   004262b8 f   user32:USER32.dll
 0001:000252be       _CreateWindowExA@48        004262be f   user32:USER32.dll
 0001:000252c4       _RegisterClassA@4          004262c4 f   user32:USER32.dll
 0001:000252ca       _LoadCursorA@8             004262ca f   user32:USER32.dll
 0001:000252d0       _DispatchMessageA@4        004262d0 f   user32:USER32.dll
 0001:000252d6       _TranslateMessage@4        004262d6 f   user32:USER32.dll
 0001:000252dc       _GetMessageA@16            004262dc f   user32:USER32.dll
 0001:000252e2       _PeekMessageA@20           004262e2 f   user32:USER32.dll
 0001:000252e8       _EndDialog@8               004262e8 f   user32:USER32.dll
 0001:000252ee       _IsDlgButtonChecked@8      004262ee f   user32:USER32.dll
 0001:000252f4       _CheckDlgButton@12         004262f4 f   user32:USER32.dll
 0001:000252fa       _SendDlgItemMessageA@20    004262fa f   user32:USER32.dll
 0001:00025300       _MessageBoxA@16            00426300 f   user32:USER32.dll
 0001:00025306       _wsprintfA                 00426306 f   user32:USER32.dll
 0001:0002530c       _DialogBoxParamA@20        0042630c f   user32:USER32.dll
 0001:00025312       _SetPixelFormat@12         00426312 f   gdi32:GDI32.dll
 0001:00025318       _ChoosePixelFormat@8       00426318 f   gdi32:GDI32.dll
 0001:0002531e       _SwapBuffers@4             0042631e f   gdi32:GDI32.dll
 0001:00025324       _FSOUND_Init               00426324 f   minifmod:Fsound.obj
 0001:00025522       _FSOUND_Close              00426522 f   minifmod:Fsound.obj
 0001:0002557a       _FSOUND_Sample_Free        0042657a f   minifmod:Fsound.obj
 0001:000255a2       _FSOUND_PlaySound          004265a2 f   minifmod:Fsound.obj
 0001:000255f7       _FSOUND_StopSound          004265f7 f   minifmod:Fsound.obj
 0001:00025615       _FMUSIC_SetBPM             00426615 f   minifmod:Fmusic.obj
 0001:0002564a       _FMUSIC_SpawnNewVirtualChannel 0042664a f   minifmod:Fmusic.obj
 0001:000256ac       _FMUSIC_Load               004266ac f   minifmod:Fmusic.obj
 0001:00025713       _FMUSIC_LoadSong           00426713 f   minifmod:Fmusic.obj
 0001:00025726       _FMUSIC_FreeSong           00426726 f   minifmod:Fmusic.obj
 0001:000257ec       _FMUSIC_PlaySong           004267ec f   minifmod:Fmusic.obj
 0001:000258c4       _FMUSIC_StopSong           004268c4 f   minifmod:Fmusic.obj
 0001:0002595f       _FMUSIC_GetOrder           0042695f f   minifmod:Fmusic.obj
 0001:0002596f       _FMUSIC_GetRow             0042696f f   minifmod:Fmusic.obj
 0001:0002597f       _FMUSIC_GetTime            0042697f f   minifmod:Fmusic.obj
 0001:00025999       _FSOUND_File_SetCallbacks  00426999 f   minifmod:system_file.obj
 0001:00025a06       _FSOUND_File_Open          00426a06 f   minifmod:system_file.obj
 0001:00025a42       _FSOUND_File_Close         00426a42 f   minifmod:system_file.obj
 0001:00025a5e       _FSOUND_File_Read          00426a5e f   minifmod:system_file.obj
 0001:00025a7c       _FSOUND_File_Seek          00426a7c f   minifmod:system_file.obj
 0001:00025a99       _FSOUND_File_Tell          00426a99 f   minifmod:system_file.obj
 0001:00025aad       _FSOUND_Software_DoubleBufferThread 00426aad f   minifmod:sound_software.obj
 0001:00025cab       _FSOUND_Software_Initialize 00426cab f   minifmod:sound_software.obj
 0001:00025d76       _FSOUND_Software_Close     00426d76 f   minifmod:sound_software.obj
 0001:00025dcf       _FSOUND_Software_SetFrequency 00426dcf f   minifmod:sound_software.obj
 0001:00025e1b       _FSOUND_Software_SetVolume 00426e1b f   minifmod:sound_software.obj
 0001:00025e5c       _FSOUND_Software_SetPan    00426e5c f   minifmod:sound_software.obj
 0001:00025e96       _LinkedListAddNodeAfter    00426e96 f   minifmod:linkedlist.obj
 0001:00025eb0       _LinkedListAddNodeBefore   00426eb0 f   minifmod:linkedlist.obj
 0001:00025ec9       _LinkedListRemoveNode      00426ec9 f   minifmod:linkedlist.obj
 0001:00025ee2       _FMUSIC_XM_Portamento      00426ee2 f   minifmod:music_formatxm.obj
 0001:00025f25       _FMUSIC_XM_Vibrato         00426f25 f   minifmod:music_formatxm.obj
 0001:00025faa       _FMUSIC_XM_ProcessEnvelope 00426faa f   minifmod:music_formatxm.obj
 0001:000260a3       _FMUSIC_XM_InstrumentVibrato 004270a3 f   minifmod:music_formatxm.obj
 0001:00026158       _FMUSIC_XM_ProcessVolumeByte 00427158 f   minifmod:music_formatxm.obj
 0001:00026224       _FMUSIC_XM_GetAmigaPeriod  00427224 f   minifmod:music_formatxm.obj
 0001:00026303       _FMUSIC_XM_UpdateFlags     00427303 f   minifmod:music_formatxm.obj
 0001:00026469       _FMUSIC_XM_ResetVcptr      00427469 f   minifmod:music_formatxm.obj
 0001:000264d2       _FMUSIC_UpdateXMNote       004274d2 f   minifmod:music_formatxm.obj
 0001:00026d54       _FMUSIC_UpdateXMEffects    00427d54 f   minifmod:music_formatxm.obj
 0001:00027496       _FMUSIC_UpdateXM           00428496 f   minifmod:music_formatxm.obj
 0001:00027556       _FMUSIC_LoadXM             00428556 f   minifmod:music_formatxm.obj
 0001:00027bf0       _FSOUND_Mixer_FPU_Ramp     00428bf0 f   minifmod:mixer_fpu_ramp.obj
 0001:0002823a       _FSOUND_MixerClipCopy_Float32 0042923a f   minifmod:mixer_clipcopy.obj
 0001:000283c0       _gluLookAt@72              004293c0 f   GlU32:GLU32.dll
 0001:000283c6       _gluPerspective@32         004293c6 f   GlU32:GLU32.dll
 0001:000283cc       _abs                       004293cc f   nanolibc:c_math.obj
 0001:000283d7       _atan                      004293d7 f   nanolibc:c_math.obj
 0001:000283eb       _atan2                     004293eb f   nanolibc:c_math.obj
 0001:00028400       _cos                       00429400 f   nanolibc:c_math.obj
 0001:00028412       _exp                       00429412 f   nanolibc:c_math.obj
 0001:00028436       _fmod                      00429436 f   nanolibc:c_math.obj
 0001:0002844f       _fabs                      0042944f f   nanolibc:c_math.obj
 0001:00028461       _labs                      00429461 f   nanolibc:c_math.obj
 0001:0002846c       _log                       0042946c f   nanolibc:c_math.obj
 0001:00028482       _log10                     00429482 f   nanolibc:c_math.obj
 0001:00028498       _pow                       00429498 f   nanolibc:c_math.obj
 0001:000284bd       _sin                       004294bd f   nanolibc:c_math.obj
 0001:000284cf       _sqr                       004294cf f   nanolibc:c_math.obj
 0001:000284e1       _sqrt                      004294e1 f   nanolibc:c_math.obj
 0001:000284f3       _srand                     004294f3 f   nanolibc:c_math.obj
 0001:000284fd       _rand                      004294fd f   nanolibc:c_math.obj
 0001:00028518       __fltused                  00429518     nanolibc:startup_code.obj
 0001:00028519       _mainCRTStartup            00429519     nanolibc:startup_code.obj
 0001:00028519       _WinMainCRTStartup         00429519     nanolibc:startup_code.obj
 0001:0002852d       __ftol                     0042952d f   nanolibc:c_functions.obj
 0001:00028539       _malloc                    00429539 f   nanolibc:c_memory.obj
 0001:0002854d       _calloc                    0042954d f   nanolibc:c_memory.obj
 0001:00028575       _free                      00429575 f   nanolibc:c_memory.obj
 0001:00028580       _memset                    00429580 f   nanolibc:c_memory.obj
 0001:00028595       _memcpy                    00429595 f   nanolibc:c_memory.obj
 0001:000285ac       _glEnd@0                   004295ac f   OpenGL32:OPENGL32.dll
 0001:000285b2       _glVertex3f@12             004295b2 f   OpenGL32:OPENGL32.dll
 0001:000285b8       _glTexCoord2f@8            004295b8 f   OpenGL32:OPENGL32.dll
 0001:000285be       _glColor3f@12              004295be f   OpenGL32:OPENGL32.dll
 0001:000285c4       _glBegin@4                 004295c4 f   OpenGL32:OPENGL32.dll
 0001:000285ca       _glDisable@4               004295ca f   OpenGL32:OPENGL32.dll
 0001:000285d0       _glTexEnvi@12              004295d0 f   OpenGL32:OPENGL32.dll
 0001:000285d6       _glBlendFunc@8             004295d6 f   OpenGL32:OPENGL32.dll
 0001:000285dc       _glEnable@4                004295dc f   OpenGL32:OPENGL32.dll
 0001:000285e2       _glClearColor@16           004295e2 f   OpenGL32:OPENGL32.dll
 0001:000285e8       _glTranslatef@12           004295e8 f   OpenGL32:OPENGL32.dll
 0001:000285ee       _glLoadIdentity@0          004295ee f   OpenGL32:OPENGL32.dll
 0001:000285f4       _glMatrixMode@4            004295f4 f   OpenGL32:OPENGL32.dll
 0001:000285fa       _glEndList@0               004295fa f   OpenGL32:OPENGL32.dll
 0001:00028600       _glNormal3f@12             00429600 f   OpenGL32:OPENGL32.dll
 0001:00028606       _glNewList@8               00429606 f   OpenGL32:OPENGL32.dll
 0001:0002860c       _glPopMatrix@0             0042960c f   OpenGL32:OPENGL32.dll
 0001:00028612       _glCallList@4              00429612 f   OpenGL32:OPENGL32.dll
 0001:00028618       _glScalef@12               00429618 f   OpenGL32:OPENGL32.dll
 0001:0002861e       _glPushMatrix@0            0042961e f   OpenGL32:OPENGL32.dll
 0001:00028624       _glRotatef@16              00429624 f   OpenGL32:OPENGL32.dll
 0001:0002862a       _glOrtho@48                0042962a f   OpenGL32:OPENGL32.dll
 0001:00028630       _glTexParameteri@12        00429630 f   OpenGL32:OPENGL32.dll
 0001:00028636       _glCullFace@4              00429636 f   OpenGL32:OPENGL32.dll
 0001:0002863c       _glPointSize@4             0042963c f   OpenGL32:OPENGL32.dll
 0001:00028642       _glFrustum@48              00429642 f   OpenGL32:OPENGL32.dll
 0001:00028648       _glClearDepth@8            00429648 f   OpenGL32:OPENGL32.dll
 0001:0002864e       _glPopAttrib@0             0042964e f   OpenGL32:OPENGL32.dll
 0001:00028654       _glPushAttrib@4            00429654 f   OpenGL32:OPENGL32.dll
 0001:0002865a       _wglDeleteContext@4        0042965a f   OpenGL32:OPENGL32.dll
 0001:00028660       _wglMakeCurrent@8          00429660 f   OpenGL32:OPENGL32.dll
 0001:00028666       _wglCreateContext@4        00429666 f   OpenGL32:OPENGL32.dll
 0001:0002866c       _glViewport@16             0042966c f   OpenGL32:OPENGL32.dll
 0001:00028672       _wglGetCurrentDC@0         00429672 f   OpenGL32:OPENGL32.dll
 0001:00028678       _wglGetCurrentContext@0    00429678 f   OpenGL32:OPENGL32.dll
 0001:0002867e       _glClear@4                 0042967e f   OpenGL32:OPENGL32.dll
 0001:00028684       _glColor4f@16              00429684 f   OpenGL32:OPENGL32.dll
 0001:0002868a       _glFlush@0                 0042968a f   OpenGL32:OPENGL32.dll
 0001:00028690       _glFinish@0                00429690 f   OpenGL32:OPENGL32.dll
 0001:00028696       _glTexImage2D@36           00429696 f   OpenGL32:OPENGL32.dll
 0001:0002869c       _glTexParameterf@12        0042969c f   OpenGL32:OPENGL32.dll
 0001:000286a2       _glBindTexture@8           004296a2 f   OpenGL32:OPENGL32.dll
 0001:000286a8       _glShadeModel@4            004296a8 f   OpenGL32:OPENGL32.dll
 0001:000286ae       _glGenTextures@8           004296ae f   OpenGL32:OPENGL32.dll
 0001:000286b4       _glPixelStorei@8           004296b4 f   OpenGL32:OPENGL32.dll
 0001:000286ba       _glDepthFunc@4             004296ba f   OpenGL32:OPENGL32.dll
 0001:000286c0       _waveOutWrite@12           004296c0 f   WinMM:WINMM.dll
 0001:000286c6       _waveOutPrepareHeader@12   004296c6 f   WinMM:WINMM.dll
 0001:000286cc       _waveOutOpen@24            004296cc f   WinMM:WINMM.dll
 0001:000286d2       _waveOutClose@4            004296d2 f   WinMM:WINMM.dll
 0001:000286d8       _waveOutReset@4            004296d8 f   WinMM:WINMM.dll
 0001:000286de       _waveOutUnprepareHeader@12 004296de f   WinMM:WINMM.dll
 0001:000286e4       _waveOutGetPosition@12     004296e4 f   WinMM:WINMM.dll
 0001:000286ea       _SetThreadPriority@8       004296ea f   kernel32:KERNEL32.dll
 0001:000286f0       _CreateThread@24           004296f0 f   kernel32:KERNEL32.dll
 0002:0000001c       __real@4@3fff8000000000000000 0042a01c     p_aftershit.obj
 0002:00000020       __real@4@3fff88f5c30000000000 0042a020     p_aftershit.obj
 0002:00000024       __real@4@4002e000000000000000 0042a024     p_aftershit.obj
 0002:00000028       __real@4@40039800000000000000 0042a028     p_aftershit.obj
 0002:0000002c       __real@4@4002f000000000000000 0042a02c     p_aftershit.obj
 0002:00000030       __real@4@3ffe8000000000000000 0042a030     p_aftershit.obj
 0002:00000034       __real@4@4003a000000000000000 0042a034     p_aftershit.obj
 0002:00000038       __real@4@40018000000000000000 0042a038     p_aftershit.obj
 0002:0000003c       __real@4@4000d9999a0000000000 0042a03c     p_aftershit.obj
 0002:00000040       __real@4@4001c333330000000000 0042a040     p_aftershit.obj
 0002:00000044       __real@4@4000c000000000000000 0042a044     p_aftershit.obj
 0002:00000048       __real@4@4001accccd0000000000 0042a048     p_aftershit.obj
 0002:0000004c       __real@4@4002a000000000000000 0042a04c     p_aftershit.obj
 0002:00000050       __real@4@4002a800000000000000 0042a050     p_aftershit.obj
 0002:00000054       __real@4@00000000000000000000 0042a054     p_aftershit.obj
 0002:00000058       __real@4@4001a000000000000000 0042a058     p_aftershit.obj
 0002:0000005c       __real@4@bffd99999a0000000000 0042a05c     p_aftershit.obj
 0002:00000060       ??_C@_0BD@FGNJ@r?4i?4p?5lolo?5ferrari?$AA@ 0042a060     p_aftershit.obj
 0002:00000074       ??_C@_0P@NDIP@glass?5?5?$CIc?$CJ2000?$AA@ 0042a074     p_aftershit.obj
 0002:00000084       __real@4@4001c000000000000000 0042a084     p_aftershit.obj
 0002:00000088       __real@4@4000c916870000000000 0042a088     p_aftershit.obj
 0002:0000008c       __real@4@40008000000000000000 0042a08c     p_aftershit.obj
 0002:00000090       __real@4@3fffb5c28f0000000000 0042a090     p_aftershit.obj
 0002:00000094       __real@4@bffe99999a0000000000 0042a094     p_aftershit.obj
 0002:00000098       __real@4@3ffed70a3d0000000000 0042a098     p_aftershit.obj
 0002:0000009c       ??_C@_05NCPJ@ideas?$AA@    0042a09c     p_aftershit.obj
 0002:000000a4       __real@4@bffe8000000000000000 0042a0a4     p_aftershit.obj
 0002:000000a8       __real@4@3ffeb333330000000000 0042a0a8     p_aftershit.obj
 0002:000000ac       ??_C@_0BK@GFFF@hanzon?0?5summlan?0?5weird?5ed?$AA@ 0042a0ac     p_aftershit.obj
 0002:000000c8       __real@4@3ffffc28f60000000000 0042a0c8     p_aftershit.obj
 0002:000000cc       ??_C@_0BA@DHBK@music?0?5graphics?$AA@ 0042a0cc     p_aftershit.obj
 0002:000000dc       __real@4@3ffacccccd0000000000 0042a0dc     p_aftershit.obj
 0002:000000e0       __real@4@3fff8ccccd0000000000 0042a0e0     p_aftershit.obj
 0002:000000e4       ??_C@_05EMO@h?9ecs?$AA@    0042a0e4     p_aftershit.obj
 0002:000000ec       __real@4@3fffcccccd0000000000 0042a0ec     p_aftershit.obj
 0002:000000f0       ??_C@_0P@MAOE@code?0?5graphics?$AA@ 0042a0f0     p_aftershit.obj
 0002:00000100       __real@4@3fffd9999a0000000000 0042a100     p_aftershit.obj
 0002:00000104       ??_C@_0M@ELBL@illuminator?$AA@ 0042a104     p_aftershit.obj
 0002:00000110       __real@4@3fffa000000000000000 0042a110     p_aftershit.obj
 0002:00000114       __real@4@40038000000000000000 0042a114     p_aftershit.obj
 0002:00000118       __real@4@4001e000000000000000 0042a118     p_aftershit.obj
 0002:0000011c       __real@4@4004c800000000000000 0042a11c     p_cubes.obj
 0002:00000120       __real@4@4003c800000000000000 0042a120     p_cubes.obj
 0002:00000124       __real@4@40029000000000000000 0042a124     p_cubes.obj
 0002:00000128       __real@4@3ffd99999a0000000000 0042a128     p_cubes.obj
 0002:0000012c       __real@4@3ffccccccd0000000000 0042a12c     p_cubes.obj
 0002:00000130       __real@4@4001c800000000000000 0042a130     p_cubes.obj
 0002:00000134       __real@4@40028000000000000000 0042a134     p_cubes.obj
 0002:00000138       __real@4@40009333330000000000 0042a138     p_cubes.obj
 0002:0000013c       __real@4@4000f333330000000000 0042a13c     p_cubes.obj
 0002:00000140       __real@4@3fff99999a0000000000 0042a140     p_cubes.obj
 0002:00000148       __real@8@40018000000000000000 0042a148     p_cubes.obj
 0002:00000150       __real@8@40008000000000000000 0042a150     p_cubes.obj
 0002:00000158       __real@8@4000c916872b020c4800 0042a158     p_cubes.obj
 0002:00000160       __real@4@4003a800000000000000 0042a160     p_cubes.obj
 0002:00000164       __real@4@4000d554ca0000000000 0042a164     p_cubes.obj
 0002:00000168       __real@8@4001a000000000000000 0042a168     p_cubes.obj
 0002:00000170       __real@8@4000c000000000000000 0042a170     p_cubes.obj
 0002:00000178       __real@8@4001e000000000000000 0042a178     p_cubes.obj
 0002:00000180       __real@8@3fff8000000000000000 0042a180     p_cubes.obj
 0002:00000188       __real@4@3ffd8000000000000000 0042a188     p_cubes.obj
 0002:0000018c       ??_C@_08LALN@grilla?$CB?$DP?$AA@ 0042a18c     p_greetings.obj
 0002:00000198       ??_C@_0L@OAAJ@bingoberra?$AA@ 0042a198     p_greetings.obj
 0002:000001a4       ??_C@_07EIKO@komplex?$AA@  0042a1a4     p_greetings.obj
 0002:000001ac       ??_C@_0N@NPHF@mediascience?$AA@ 0042a1ac     p_greetings.obj
 0002:000001bc       ??_C@_06GDLG@trauma?$AA@   0042a1bc     p_greetings.obj
 0002:000001c4       ??_C@_05DFFL@yodel?$AA@    0042a1c4     p_greetings.obj
 0002:000001cc       ??_C@_07DBAH@jeskola?$AA@  0042a1cc     p_greetings.obj
 0002:000001d4       ??_C@_03PFCJ@tbl?$AA@      0042a1d4     p_greetings.obj
 0002:000001d8       ??_C@_07IIGO@woorlic?$AA@  0042a1d8     p_greetings.obj
 0002:000001e0       ??_C@_09EBMO@former?5k2?$AA@ 0042a1e0     p_greetings.obj
 0002:000001ec       ??_C@_07GNCA@aardbei?$AA@  0042a1ec     p_greetings.obj
 0002:000001f4       ??_C@_00A@?$AA@            0042a1f4     p_greetings.obj
 0002:000001f8       ??_C@_04IBLB@mind?$AA@     0042a1f8     p_greetings.obj
 0002:00000200       ??_C@_0L@OJOM@neurodruid?$AA@ 0042a200     p_greetings.obj
 0002:0000020c       ??_C@_09DMFC@we?5luhv?4?4?$AA@ 0042a20c     p_greetings.obj
 0002:00000218       __real@4@4003b000000000000000 0042a218     p_greetings.obj
 0002:0000021c       __real@4@c005c800000000000000 0042a21c     p_greetings.obj
 0002:00000220       __real@4@4005c800000000000000 0042a220     p_greetings.obj
 0002:00000228       __real@8@3ffbcccccd0000000000 0042a228     p_greetings.obj
 0002:00000230       __real@8@4005d200000000000000 0042a230     p_greetings.obj
 0002:00000238       __real@4@3ffbcccccd0000000000 0042a238     p_greetings.obj
 0002:0000023c       __real@4@4000e666660000000000 0042a23c     p_klask.obj
 0002:00000240       __real@4@400189999a0000000000 0042a240     p_klask.obj
 0002:00000244       __real@4@4000c90fdb0000000000 0042a244     p_klask.obj
 0002:00000248       __real@4@4003f000000000000000 0042a248     p_klask.obj
 0002:0000024c       __real@4@3ffe99999a0000000000 0042a24c     p_klask.obj
 0002:00000250       __real@4@3ffdcccccd0000000000 0042a250     p_klask.obj
 0002:00000254       __real@4@4002c000000000000000 0042a254     p_klask.obj
 0002:00000258       __real@4@40038800000000000000 0042a258     p_klask.obj
 0002:0000025c       __real@4@bffecccccd0000000000 0042a25c     p_loading.obj
 0002:00000260       ??_C@_0BB@ICHF@?$CIc?$CJopywr0ng?51999?$AA@ 0042a260     p_loading.obj
 0002:00000274       ??_C@_0BB@HOEE@gl?5ass?5?1?5psikorp?$AA@ 0042a274     p_loading.obj
 0002:00000288       ??_C@_0BJ@ONGB@a?5accelerated?564k?5intro?$CB?$AA@ 0042a288     p_loading.obj
 0002:000002a4       ??_C@_0BM@BGGL@a?5accelerated?5demo?0?5this?5is?$AA@ 0042a2a4     p_loading.obj
 0002:000002c0       ??_C@_0BN@LEHE@hey?5guys?8n?8gals?0?5this?5is?5not?$AA@ 0042a2c0     p_loading.obj
 0002:000002e0       __real@4@3ff8a3d70a0000000000 0042a2e0     p_misc.obj
 0002:000002e4       __real@4@4006ff00000000000000 0042a2e4     p_misc.obj
 0002:000002e8       __real@4@3ff583126f0000000000 0042a2e8     p_misc.obj
 0002:000002ec       __real@4@3ff6c49ba60000000000 0042a2ec     p_misc.obj
 0002:000002f0       __real@4@3ff7c49ba60000000000 0042a2f0     p_misc.obj
 0002:000002f8       __real@8@4004c800000000000000 0042a2f8     p_misc.obj
 0002:00000300       __real@4@40048400000000000000 0042a300     p_misc.obj
 0002:00000304       ??_C@_0BN@CEMB@vi?5kan?5it?5och?5multimedia?$CB?5?3?$CJ?$AA@ 0042a304     p_misc.obj
 0002:00000324       ??_C@_0BH@NLAD@you?8re?5not?5dreaming?4?4?4?$AA@ 0042a324     p_misc.obj
 0002:0000033c       ??_C@_0BG@KNEM@april?52000?0?5norway?4?4?4?$AA@ 0042a33c     p_misc.obj
 0002:00000354       ??_C@_05OFNJ@bajs2?$AA@    0042a354     p_name.obj
 0002:0000035c       ??_C@_05BKGA@bajs1?$AA@    0042a35c     p_name.obj
 0002:00000364       __real@4@3ffdfae1480000000000 0042a364     p_name.obj
 0002:00000368       __real@8@4002a000000000000000 0042a368     p_name.obj
 0002:00000370       __real@8@3ffccccccd0000000000 0042a370     p_name.obj
 0002:00000378       __real@4@3ffd83126f0000000000 0042a378     p_name.obj
 0002:0000037c       __real@4@3fff83126f0000000000 0042a37c     p_name.obj
 0002:00000380       __real@4@bfff83126f0000000000 0042a380     p_name.obj
 0002:00000384       __real@4@bffd83126f0000000000 0042a384     p_name.obj
 0002:00000388       __real@4@3fffc000000000000000 0042a388     p_name.obj
 0002:00000390       __real@8@40029000000000000000 0042a390     p_psyk.obj
 0002:00000398       __real@8@4000c90fdb0000000000 0042a398     p_psyk.obj
 0002:000003a0       __real@4@3fffa978d50000000000 0042a3a0     p_psyk.obj
 0002:000003a4       __real@4@3ffde666660000000000 0042a3a4     p_psyk.obj
 0002:000003a8       __real@4@3ffed020c50000000000 0042a3a8     p_psyk.obj
 0002:000003ac       __real@4@40059000000000000000 0042a3ac     p_psyk.obj
 0002:000003b0       __real@4@40018ccccd0000000000 0042a3b0     p_psyk.obj
 0002:000003b4       __real@4@4005b400000000000000 0042a3b4     p_psyk.obj
 0002:000003b8       __real@4@40008ccccd0000000000 0042a3b8     p_psyk.obj
 0002:000003bc       __real@4@3ffff333330000000000 0042a3bc     p_psyk.obj
 0002:000003c0       __real@4@4002d000000000000000 0042a3c0     p_psyk.obj
 0002:000003c4       __real@4@4000a666660000000000 0042a3c4     p_psyk.obj
 0002:000003c8       __real@4@40008666660000000000 0042a3c8     p_silu.obj
 0002:000003cc       __real@4@3fffe666660000000000 0042a3cc     p_silu.obj
 0002:000003d0       __real@4@3fffb333330000000000 0042a3d0     p_silu.obj
 0002:000003d4       __real@4@3fffa666660000000000 0042a3d4     p_silu.obj
 0002:000003d8       __real@4@40048c00000000000000 0042a3d8     p_silu.obj
 0002:000003dc       __real@4@4004a000000000000000 0042a3dc     p_silu.obj
 0002:000003e0       __real@4@c002a000000000000000 0042a3e0     p_silu.obj
 0002:000003e4       __real@4@c0018000000000000000 0042a3e4     p_silu.obj
 0002:000003e8       __real@4@3ff9cccccd0000000000 0042a3e8     p_silu.obj
 0002:000003ec       __real@4@3ffecccccd0000000000 0042a3ec     p_silu.obj
 0002:000003f0       __real@8@3fffe666666666666800 0042a3f0     p_silu.obj
 0002:000003f8       __real@8@4005c800000000000000 0042a3f8     p_sphere.obj
 0002:00000400       __real@4@4004f000000000000000 0042a400     p_sphere.obj
 0002:00000404       __real@4@40078000000000000000 0042a404     p_tunnel.obj
 0002:00000408       __real@4@3ffec916870000000000 0042a408     p_twist3d.obj
 0002:0000040c       __real@4@40048000000000000000 0042a40c     p_twist3d.obj
 0002:00000410       __real@4@4004a800000000000000 0042a410     p_twist3d.obj
 0002:00000414       __real@4@40068400000000000000 0042a414     p_twist3d.obj
 0002:00000418       __real@8@40039000000000000000 0042a418     p_twist3d.obj
 0002:00000420       __real@4@40058c00000000000000 0042a420     p_twist3d.obj
 0002:00000428       __real@8@40039800000000000000 0042a428     p_twist3d.obj
 0002:00000430       __real@8@00000000000000000000 0042a430     p_twist3d.obj
 0002:00000438       __real@8@40038800000000000000 0042a438     p_twist3d.obj
 0002:00000440       __real@4@c000a000000000000000 0042a440     p_twister.obj
 0002:00000444       __real@4@4000a000000000000000 0042a444     p_twister.obj
 0002:00000448       __real@4@3ffc99999a0000000000 0042a448     p_twister.obj
 0002:0000044c       __real@4@40059600000000000000 0042a44c     p_twister.obj
 0002:00000450       __real@4@c001e000000000000000 0042a450     p_wirelandscape.obj
 0002:00000454       __real@4@bfffc000000000000000 0042a454     p_wirelandscape.obj
 0002:00000458       __real@4@bfff8000000000000000 0042a458     p_wirelandscape.obj
 0002:00000460       __real@8@3fffa000000000000000 0042a460     p_wirelandscape.obj
 0002:00000468       __real@8@4000d999999999999800 0042a468     p_wirelandscape.obj
 0002:00000470       __real@8@4000a000000000000000 0042a470     p_wirelandscape.obj
 0002:00000478       __real@4@4006b400000000000000 0042a478     p_wirelandscape.obj
 0002:00000480       __real@8@3ffd9999999999999800 0042a480     p_wirelandscape.obj
 0002:00000488       __real@8@3ffe8000000000000000 0042a488     p_wirelandscape.obj
 0002:00000490       ??_C@_0CL@MOJG@Failed?5to?5Create?5OpenGL?5Renderin@ 0042a490     gla_stuff.obj
 0002:000004bc       ??_C@_0L@FKHF@TEST?5?$CI?$CBfs?$CJ?$AA@ 0042a4bc     gla_stuff.obj
 0002:000004c8       ??_C@_04FGBF@TEST?$AA@     0042a4c8     gla_stuff.obj
 0002:000004d0       ??_C@_09KKIB@TEST?5?$CIfs?$CJ?$AA@ 0042a4d0     gla_stuff.obj
 0002:000004dc       ??_C@_0BF@HLH@glAss?5?$HM?5psikorp?52000?$AA@ 0042a4dc     gla_stuff.obj
 0002:000004f4       ??_C@_0BP@LPLK@Couldn?8t?5Register?5Window?5Class?$AA@ 0042a4f4     gla_stuff.obj
 0002:00000514       ??_C@_05FNLF@GLASS?$AA@    0042a514     gla_stuff.obj
 0002:0000051c       ??_C@_0DC@MPAE@abcdefghijklmnopqrstuvwxyz012345@ 0042a51c     gla_stuff2.obj
 0002:00000550       ??_C@_04A@?$AA?$AA?$AA?$AA?$AA@ 0042a550     gla_stuff2.obj
 0002:00000558       __real@4@4008fa00000000000000 0042a558     gla_stuff2.obj
 0002:0000055c       __real@4@400e8000000000000000 0042a55c     newmath.obj
 0002:00000560       ??_C@_0BC@IOON@1600?5x?51200?5?$CKgah?$CK?$AA@ 0042a560     startup.obj
 0002:00000574       ??_C@_0M@HHGD@1280?5x?51024?$AA@ 0042a574     startup.obj
 0002:00000580       ??_C@_0L@DLDO@1280?5x?5720?$AA@ 0042a580     startup.obj
 0002:0000058c       ??_C@_0L@NHAP@1152?5x?5864?$AA@ 0042a58c     startup.obj
 0002:00000598       ??_C@_0L@NKMD@1024?5x?5768?$AA@ 0042a598     startup.obj
 0002:000005a4       ??_C@_09BIHH@800?5x?5600?$AA@ 0042a5a4     startup.obj
 0002:000005b0       ??_C@_09LGEF@640?5x?5480?$AA@ 0042a5b0     startup.obj
 0002:000005bc       ??_C@_09NBBP@512?5x?5384?$AA@ 0042a5bc     startup.obj
 0002:000005c8       ??_C@_09BJFK@400?5x?5300?$AA@ 0042a5c8     startup.obj
 0002:000005d4       ??_C@_09MOED@320?5x?5240?$AA@ 0042a5d4     startup.obj
 0002:000005e0       ??_C@_0N@NBJB@160?5x?5120?5?3?$CJ?$AA@ 0042a5e0     startup.obj
 0002:000005f0       ??_C@_05EFDD@ERROR?$AA@    0042a5f0     startup.obj
 0002:000005f8       ??_C@_0BJ@HCO@error?5?$CFd?5?$CIlasterror?$CJ?6?$CFs?6?$AA@ 0042a5f8     startup.obj
 0002:00000614       __real@4@40068e00000000000000 0042a614     startup.obj
 0002:00000618       ??_C@_0BG@CODL@Couldn?8t?5load?5module?4?$AA@ 0042a618     startup.obj
 0002:00000630       ??_C@_0BP@POIE@Couldn?8t?5initialize?5soundcard?4?$AA@ 0042a630     startup.obj
 0002:00000650       __real@4@3ff583126e978d4fe000 0042a650     minifmod:Fmusic.obj
 0002:00000654       __real@4@3ffdccccccccccccd000 0042a654     minifmod:Fmusic.obj
 0002:00000658       __real@8@40078000000000000000 0042a658     minifmod:music_formatxm.obj
 0002:00000660       __real@8@3ffac90fd7e45803d000 0042a660     minifmod:music_formatxm.obj
 0002:00000668       __real@8@40058000000000000000 0042a668     minifmod:music_formatxm.obj
 0002:00000670       __real@8@3fffc90fd7e45803d000 0042a670     minifmod:music_formatxm.obj
 0002:00000678       __real@8@4002d600000000000000 0042a678     minifmod:music_formatxm.obj
 0002:00000680       __real@4@3ffbaaaaaaaaaaaaa800 0042a680     minifmod:music_formatxm.obj
 0002:00000688       __real@8@400c82ac000000000000 0042a688     minifmod:music_formatxm.obj
 0002:00000690       __real@4@3ff5aaaaaaaaaaaaa800 0042a690     minifmod:music_formatxm.obj
 0002:00000694       __real@4@400b9000000000000000 0042a694     minifmod:music_formatxm.obj
 0002:00000698       __real@4@3fe3ff00000000000000 0042a698     minifmod:music_formatxm.obj
 0003:00000000       ?pgtext@@3PAPADA           0042b000     p_greetings.obj
 0003:00000040       ?p_name_name@@3PAPADA      0042b040     p_name.obj
 0003:000000ac       ?fonttable@@3PADA          0042b0ac     gla_stuff2.obj
 0003:000000b0       _FSOUND_BufferSizeMs       0042b0b0     minifmod:Fsound.obj
 0003:000000b8       _FMUSIC_Head               0042b0b8     minifmod:Fmusic.obj
 0003:000000c0       _FSOUND_Software_ThreadFinished 0042b0c0     minifmod:sound_software.obj
 0003:000000c4       ??_C@_0BC@JHGC@Extended?5Module?3?5?$AA@ 0042b0c4     minifmod:music_formatxm.obj
 0003:000000dc       ?old_matrix@@3PAMA         0042b0dc     p_cubes.obj
 0003:0000011c       ?klr@@3PAY02MA             0042b11c     p_klask.obj
 0003:00000248       ?tuo@@3MA                  0042b248     p_psyk.obj
 0003:0000024c       ?tvo@@3MA                  0042b24c     p_psyk.obj
 0003:00000250       ?pt_b@@3PAY04MA            0042b250     p_twister.obj
 0003:00000afc       ?pt_c@@3PAY02MA            0042bafc     p_twister.obj
 0003:00000b38       ?pt_x@@3PAY04MA            0042bb38     p_twister.obj
 0003:000013e4       ?pEvent@@3PAPAUONEEVENT@@A 0042c3e4     events.obj
 0003:000023e4       ?nEvents@@3HA              0042d3e4     events.obj
 0003:000023ec       ?_pd@@3PAMA                0042d3ec     gla_stuff.obj
 0003:000023f0       ?_pu@@3PAMA                0042d3f0     gla_stuff.obj
 0003:000023f4       ?_pv@@3PAMA                0042d3f4     gla_stuff.obj
 0003:000023fc       ?maindc@@3PAUHDC__@@A      0042d3fc     gla_stuff.obj
 0003:00002400       ?_pu2@@3PAMA               0042d400     gla_stuff.obj
 0003:00002404       ?_pv2@@3PAMA               0042d404     gla_stuff.obj
 0003:0000240c       ?mainwindow@@3PAUHWND__@@A 0042d40c     gla_stuff.obj
 0003:00006538       ?resetbeat@@3MA            00431538     gla_stuff2.obj
 0003:00006544       ?resettime@@3KA            00431544     gla_stuff2.obj
 0003:00006550       ?tex_id@@3PAIA             00431550     gla_stuff2.obj
 0003:000074f4       ?StartupFlags@@3JA         004324f4     startup.obj
 0003:000074f8       _FSOUND_Channel            004324f8     minifmod:Fsound.obj
 0003:000074fc       _FSOUND_SoftwareChannels   004324fc     minifmod:Fsound.obj
 0003:00007500       _FSOUND_File_OpenCallback  00432500     minifmod:system_file.obj
 0003:00007504       _FSOUND_File_CloseCallback 00432504     minifmod:system_file.obj
 0003:00007508       _FSOUND_File_ReadCallback  00432508     minifmod:system_file.obj
 0003:0000750c       _FSOUND_File_SeekCallback  0043250c     minifmod:system_file.obj
 0003:00007510       _FSOUND_File_TellCallback  00432510     minifmod:system_file.obj
 0003:00007514       _FSOUND_Mixer              00432514     minifmod:sound_software.obj
 0003:00007518       _FSOUND_HWMixOffset        00432518     minifmod:sound_software.obj
 0003:0000751c       _FSOUND_ChannelsMixed      0043251c     minifmod:sound_software.obj
 0003:00007520       _FSOUND_Software_Exit      00432520     minifmod:sound_software.obj
 0003:00007521       _FSOUND_Software_UpdateMutex 00432521     minifmod:sound_software.obj
 0003:00007524       _FSOUND_Software_hThread   00432524     minifmod:sound_software.obj
 0003:00007530       _tempchar                  00432530     minifmod:music_formatxm.obj
 0003:0000757c       _mix_volumerampsteps       0043257c     minifmod:mixer_fpu_ramp.obj
 0003:00007580       _mix_1overvolumerampsteps  00432580     minifmod:mixer_fpu_ramp.obj
 0003:00007588       _cptr                      00432588     <common>
 0003:0000758c       _FSOUND_BufferSize         0043258c     <common>
 0003:00007590       _FSOUND_MixBufferMem       00432590     <common>
 0003:00007594       _FSOUND_OOMixRate          00432594     <common>
 0003:000075a0       _FMUSIC_DummyVirtualChannel 004325a0     <common>
 0003:00007620       _FMUSIC_DummyChannel       00432620     <common>
 0003:000076a0       _FMUSIC_DummyInstrument    004326a0     <common>
 0003:000077f4       _FMUSIC_VirtualChannel     004327f4     <common>
 0003:00007800       _FMUSIC_DummySample        00432800     <common>
 0003:00007838       _FSOUND_MixBuffer          00432838     <common>
 0003:00007840       _FSOUND_MixBlock           00432840     <common>
 0003:00007864       _FSOUND_BlockSize          00432864     <common>
 0003:00007868       _FSOUND_MixRate            00432868     <common>
 0003:0000786c       _FSOUND_MixerClipCopy      0043286c     <common>
 0003:00007870       _FSOUND_WaveOutHandle      00432870     <common>
 0003:00007878       _FSOUND_Software_ChannelHead 00432878     <common>
 0003:00007880       _FSOUND_MixerAddress       00432880     <common>
 0003:00007884       _FSOUND_BufferWidth        00432884     <common>
 0003:00007890       _FSOUND_ChannelBlock_Software 00432890     <common>
 0004:00000000       __IMPORT_DESCRIPTOR_KERNEL32 00433000     kernel32:KERNEL32.dll
 0004:00000014       __IMPORT_DESCRIPTOR_USER32 00433014     user32:USER32.dll
 0004:00000028       __IMPORT_DESCRIPTOR_GDI32  00433028     gdi32:GDI32.dll
 0004:0000003c       __IMPORT_DESCRIPTOR_GLU32  0043303c     GlU32:GLU32.dll
 0004:00000050       __IMPORT_DESCRIPTOR_OPENGL32 00433050     OpenGL32:OPENGL32.dll
 0004:00000064       __IMPORT_DESCRIPTOR_WINMM  00433064     WinMM:WINMM.dll
 0004:00000078       __NULL_IMPORT_DESCRIPTOR   00433078     kernel32:KERNEL32.dll
 0004:00000214       __imp__SetPixelFormat@12   00433214     gdi32:GDI32.dll
 0004:00000218       __imp__ChoosePixelFormat@8 00433218     gdi32:GDI32.dll
 0004:0000021c       __imp__SwapBuffers@4       0043321c     gdi32:GDI32.dll
 0004:00000220       \177GDI32_NULL_THUNK_DATA  00433220     gdi32:GDI32.dll
 0004:00000224       __imp__gluLookAt@72        00433224     GlU32:GLU32.dll
 0004:00000228       __imp__gluPerspective@32   00433228     GlU32:GLU32.dll
 0004:0000022c       \177GLU32_NULL_THUNK_DATA  0043322c     GlU32:GLU32.dll
 0004:00000230       __imp__ExitProcess@4       00433230     kernel32:KERNEL32.dll
 0004:00000234       __imp__GlobalAlloc@8       00433234     kernel32:KERNEL32.dll
 0004:00000238       __imp__Sleep@4             00433238     kernel32:KERNEL32.dll
 0004:0000023c       __imp__GetLastError@0      0043323c     kernel32:KERNEL32.dll
 0004:00000240       __imp__GetModuleHandleA@4  00433240     kernel32:KERNEL32.dll
 0004:00000244       __imp__GetTickCount@0      00433244     kernel32:KERNEL32.dll
 0004:00000248       __imp__GlobalFree@4        00433248     kernel32:KERNEL32.dll
 0004:0000024c       __imp__SetThreadPriority@8 0043324c     kernel32:KERNEL32.dll
 0004:00000250       __imp__CreateThread@24     00433250     kernel32:KERNEL32.dll
 0004:00000254       \177KERNEL32_NULL_THUNK_DATA 00433254     kernel32:KERNEL32.dll
 0004:00000258       __imp__glEnable@4          00433258     OpenGL32:OPENGL32.dll
 0004:0000025c       __imp__glCallList@4        0043325c     OpenGL32:OPENGL32.dll
 0004:00000260       __imp__glMatrixMode@4      00433260     OpenGL32:OPENGL32.dll
 0004:00000264       __imp__glEndList@0         00433264     OpenGL32:OPENGL32.dll
 0004:00000268       __imp__glPixelStorei@8     00433268     OpenGL32:OPENGL32.dll
 0004:0000026c       __imp__glGenTextures@8     0043326c     OpenGL32:OPENGL32.dll
 0004:00000270       __imp__glDepthFunc@4       00433270     OpenGL32:OPENGL32.dll
 0004:00000274       __imp__glBindTexture@8     00433274     OpenGL32:OPENGL32.dll
 0004:00000278       __imp__glTexParameterf@12  00433278     OpenGL32:OPENGL32.dll
 0004:0000027c       __imp__glShadeModel@4      0043327c     OpenGL32:OPENGL32.dll
 0004:00000280       __imp__glFinish@0          00433280     OpenGL32:OPENGL32.dll
 0004:00000284       __imp__glFlush@0           00433284     OpenGL32:OPENGL32.dll
 0004:00000288       __imp__glTexImage2D@36     00433288     OpenGL32:OPENGL32.dll
 0004:0000028c       __imp__glClear@4           0043328c     OpenGL32:OPENGL32.dll
 0004:00000290       __imp__wglGetCurrentContext@0 00433290     OpenGL32:OPENGL32.dll
 0004:00000294       __imp__glColor4f@16        00433294     OpenGL32:OPENGL32.dll
 0004:00000298       __imp__glViewport@16       00433298     OpenGL32:OPENGL32.dll
 0004:0000029c       __imp__wglCreateContext@4  0043329c     OpenGL32:OPENGL32.dll
 0004:000002a0       __imp__wglGetCurrentDC@0   004332a0     OpenGL32:OPENGL32.dll
 0004:000002a4       __imp__wglDeleteContext@4  004332a4     OpenGL32:OPENGL32.dll
 0004:000002a8       __imp__glPushAttrib@4      004332a8     OpenGL32:OPENGL32.dll
 0004:000002ac       __imp__wglMakeCurrent@8    004332ac     OpenGL32:OPENGL32.dll
 0004:000002b0       __imp__glClearDepth@8      004332b0     OpenGL32:OPENGL32.dll
 0004:000002b4       __imp__glEnd@0             004332b4     OpenGL32:OPENGL32.dll
 0004:000002b8       __imp__glVertex3f@12       004332b8     OpenGL32:OPENGL32.dll
 0004:000002bc       __imp__glTexCoord2f@8      004332bc     OpenGL32:OPENGL32.dll
 0004:000002c0       __imp__glColor3f@12        004332c0     OpenGL32:OPENGL32.dll
 0004:000002c4       __imp__glBegin@4           004332c4     OpenGL32:OPENGL32.dll
 0004:000002c8       __imp__glDisable@4         004332c8     OpenGL32:OPENGL32.dll
 0004:000002cc       __imp__glTexEnvi@12        004332cc     OpenGL32:OPENGL32.dll
 0004:000002d0       __imp__glBlendFunc@8       004332d0     OpenGL32:OPENGL32.dll
 0004:000002d4       __imp__glPopMatrix@0       004332d4     OpenGL32:OPENGL32.dll
 0004:000002d8       __imp__glClearColor@16     004332d8     OpenGL32:OPENGL32.dll
 0004:000002dc       __imp__glTranslatef@12     004332dc     OpenGL32:OPENGL32.dll
 0004:000002e0       __imp__glLoadIdentity@0    004332e0     OpenGL32:OPENGL32.dll
 0004:000002e4       __imp__glFrustum@48        004332e4     OpenGL32:OPENGL32.dll
 0004:000002e8       __imp__glPopAttrib@0       004332e8     OpenGL32:OPENGL32.dll
 0004:000002ec       __imp__glNormal3f@12       004332ec     OpenGL32:OPENGL32.dll
 0004:000002f0       __imp__glNewList@8         004332f0     OpenGL32:OPENGL32.dll
 0004:000002f4       __imp__glRotatef@16        004332f4     OpenGL32:OPENGL32.dll
 0004:000002f8       __imp__glScalef@12         004332f8     OpenGL32:OPENGL32.dll
 0004:000002fc       __imp__glPushMatrix@0      004332fc     OpenGL32:OPENGL32.dll
 0004:00000300       __imp__glCullFace@4        00433300     OpenGL32:OPENGL32.dll
 0004:00000304       __imp__glOrtho@48          00433304     OpenGL32:OPENGL32.dll
 0004:00000308       __imp__glTexParameteri@12  00433308     OpenGL32:OPENGL32.dll
 0004:0000030c       __imp__glPointSize@4       0043330c     OpenGL32:OPENGL32.dll
 0004:00000310       \177OPENGL32_NULL_THUNK_DATA 00433310     OpenGL32:OPENGL32.dll
 0004:00000314       __imp__SetTimer@16         00433314     user32:USER32.dll
 0004:00000318       __imp__CreateWindowExA@48  00433318     user32:USER32.dll
 0004:0000031c       __imp__UpdateWindow@4      0043331c     user32:USER32.dll
 0004:00000320       __imp__DestroyWindow@4     00433320     user32:USER32.dll
 0004:00000324       __imp__GetDC@4             00433324     user32:USER32.dll
 0004:00000328       __imp__GetSystemMetrics@4  00433328     user32:USER32.dll
 0004:0000032c       __imp__ShowWindow@8        0043332c     user32:USER32.dll
 0004:00000330       __imp__AdjustWindowRectEx@16 00433330     user32:USER32.dll
 0004:00000334       __imp__DialogBoxParamA@20  00433334     user32:USER32.dll
 0004:00000338       __imp__ChangeDisplaySettingsA@8 00433338     user32:USER32.dll
 0004:0000033c       __imp__SendDlgItemMessageA@20 0043333c     user32:USER32.dll
 0004:00000340       __imp__wsprintfA           00433340     user32:USER32.dll
 0004:00000344       __imp__MessageBoxA@16      00433344     user32:USER32.dll
 0004:00000348       __imp__EndDialog@8         00433348     user32:USER32.dll
 0004:0000034c       __imp__CheckDlgButton@12   0043334c     user32:USER32.dll
 0004:00000350       __imp__IsDlgButtonChecked@8 00433350     user32:USER32.dll
 0004:00000354       __imp__TranslateMessage@4  00433354     user32:USER32.dll
 0004:00000358       __imp__PeekMessageA@20     00433358     user32:USER32.dll
 0004:0000035c       __imp__GetMessageA@16      0043335c     user32:USER32.dll
 0004:00000360       __imp__RegisterClassA@4    00433360     user32:USER32.dll
 0004:00000364       __imp__DispatchMessageA@4  00433364     user32:USER32.dll
 0004:00000368       __imp__LoadCursorA@8       00433368     user32:USER32.dll
 0004:0000036c       __imp__EnumDisplaySettingsA@12 0043336c     user32:USER32.dll
 0004:00000370       __imp__DefWindowProcA@16   00433370     user32:USER32.dll
 0004:00000374       __imp__PostQuitMessage@4   00433374     user32:USER32.dll
 0004:00000378       \177USER32_NULL_THUNK_DATA 00433378     user32:USER32.dll
 0004:0000037c       __imp__waveOutClose@4      0043337c     WinMM:WINMM.dll
 0004:00000380       __imp__waveOutOpen@24      00433380     WinMM:WINMM.dll
 0004:00000384       __imp__waveOutWrite@12     00433384     WinMM:WINMM.dll
 0004:00000388       __imp__waveOutGetPosition@12 00433388     WinMM:WINMM.dll
 0004:0000038c       __imp__waveOutPrepareHeader@12 0043338c     WinMM:WINMM.dll
 0004:00000390       __imp__waveOutReset@4      00433390     WinMM:WINMM.dll
 0004:00000394       __imp__waveOutUnprepareHeader@12 00433394     WinMM:WINMM.dll
 0004:00000398       \177WINMM_NULL_THUNK_DATA  00433398     WinMM:WINMM.dll

 entry point at        0001:00028519

 Static symbols


FIXUPS: 26951 44 fffff9d6 66 19 1f 2f 3c 6d 42 41 10 20 7 2fce ffffffc0
FIXUPS: 29522 fffff5f1 b4 ffffdfaf 1d6 7d fffffc43 29 21 fffffbeb 40 8
FIXUPS: 26699 1d 1e 1b 8 e 19 2b 2e 30 1e 14 7 29 68 f 32 33 35 8 d 1d77
FIXUPS: 286b8 37 19 14 16 18 29 77 22 2b f 10 c 2b c f f f 41 21 22 16
FIXUPS: 289cf 19 14 17 15 74 2b 11 31 fffff387 5d 65 4f 55 4a 26 83 15
FIXUPS: 2812e 15 1b 227 2b 1f 59 c 92 5d 4b f 42 9 c c c f 12 45 29 d c
FIXUPS: 26f74 d 161 d 161 e 34 b c 30 e 54 35 12 16 2d 39 b 12 25 e 177
FIXUPS: 27670 70 33 17 71 6f b2 246 1e1 d ffff4304 45 29 29 39 2d 2d ffffe4f5
FIXUPS: 1a639 37 36 4a0 41 18 47 10 49 2d 4a 41 18 4f 30 33 30 33 3e af
FIXUPS: 1af3d 35 35 2b 7f7 39 48 48 30a 46 4f 14 43 23 23 23 23 23 14 28
FIXUPS: 1bd96 23 23 23 23 14 28 23 23 23 23 23 14 79 1e 1e c26 de 3c fffff459
FIXUPS: 1c196 22 1e 22 1c 20 1c0 1a 37 2c 14 18 23 97 c6 42 60 ffffed83
FIXUPS: 1b542 35 35 69 41 41 5c 39 1b 1d 1ec3 24 24 8b 4e fffff7ce 1f 57
FIXUPS: 1cfb1 25 3a 3a 58 a fffff653 20 1f 1f e9 20 29 29 138 26 e7 23
FIXUPS: 1cb46 26 26 26 26 17 14a8 17 d 2c 29 24 24 86 29 24 24 62 29 24
FIXUPS: 1e328 fffff4bf 74 26 26 92 9a fffff788 ce 8a 4f 76 77 25 2b 2b
FIXUPS: 1d5b3 12 175f 27 fd 77 2f 31 2c 28 ffffebfb 7b 2c 65 22 28 28 13
FIXUPS: 1dd34 31 1f 35 31 55 22 28 28 1b 35 5a 95 32 2f 26 fb4 3a 39 32
FIXUPS: 1f0f6 26 32 51 84 44 3b 47 1ee 23 1a 1e 2f fffff01e b0 300 2b 2f
FIXUPS: 1e9a8 27 55 20 29 29 1f2 27 27 27 1a8f 23 14 28 23 23 23 23 23
FIXUPS: 208ae 14 1e 1e 42 11 2f ffffec09 23 3a 39 32 26 58 6f 40 3ce 6b
FIXUPS: 1fbdd 23 14 5c fffff398 d46 39 39 30 24 24 24 32b 29 79 29 7f 3b
FIXUPS: 2041a ca 14 43 23 23 23 23 23 14 14 1e 1e 76 14 28 23 23 23 1cbb
FIXUPS: 22444 20 10 1f 29 3b 12f 528 1b 1e 1b 39 2c 32 11 22 ffffdd9b 29
FIXUPS: 20a8f 40 f1 1d 50 2a be 2a 1cd 87 2a 29e ffffeaba 4852 27 5d 23
FIXUPS: 24659 81 ffffe887 2f e2 4e d 157 fffffaf9 fffff3f4 72 3d 5d 20
FIXUPS: 2225d 20 20 20 20 20 20 20 27 20 20 20 20 20 2771 10 13 1a 17 4d
FIXUPS: 24c28 30 e 14 22c 50 ffffe93a 41 79 3c2 24 aa e2 23 82 88 128 102
FIXUPS: 241cd 1d 1c 64 21 1c 21 1c8 1ca1 19 19 19 19 19 8 19 8 8 a e 8
FIXUPS: 26204 2d 8 5 5 ffffe4cc 30 27f 11 12 14 59 12 12 14 58 11 12 14
FIXUPS: 25e05 19 19 19 19 19 19 19 19 19 19 19 1c 19 19 19 19 19 19 19
FIXUPS: 25ffc 19 19 19 19 19 19 1c 19 1c 19 19 fffff5cf 2ff 11 11 11 11
FIXUPS: 25a38 11 11 11 11 11 11 1e8 7a c 8 9 8 9 8 9 8 9 8 9 31 f 14 c
FIXUPS: 25dd7 15
